Reusing configuration cache.
> Task :server:checkKotlinGradlePluginConfigurationErrors SKIPPED
> Task :shared:jvmProcessResources NO-SOURCE
> Task :shared:kmpPartiallyResolvedDependenciesChecker
> Task :shared:processJvmMainResources SKIPPED
> Task :shared:checkKotlinGradlePluginConfigurationErrors SKIPPED
> Task :shared:compileKotlinJvm UP-TO-DATE
> Task :shared:compileJvmMainJava NO-SOURCE
> Task :shared:jvmMainClasses UP-TO-DATE
> Task :shared:jvmJar UP-TO-DATE

> Task :server:compileKotlin FAILED
.\gradlew.bat : e: file:///C:/_Projet_softoware_and_architecture/CompanionAppStudent/server/src/main/kotlin/be/ecam/server/routes/no
tes_routes.kt:74:18 Cannot infer type for type parameter 'T'. Specify it explicitly.
Au caractère Ligne:1 : 1
+ .\gradlew.bat :server:compileKotlin 2>&1 | Out-File -FilePath "build_ ...
+ ~~~~~~~~~~~~~~~~~~~~~~~~~~~~~~~~~~~~~~~~
    + CategoryInfo          : NotSpecified: (e: file:///C:/_... it explicitly.:String) [], RemoteException
    + FullyQualifiedErrorId : NativeCommandError
 
e: file:///C:/_Projet_softoware_and_architecture/CompanionAppStudent/server/src/main/kotlin/be/ecam/server/routes/series_routes.kt:5
5:18 Cannot infer type for type parameter 'T'. Specify it explicitly.
e: file:///C:/_Projet_softoware_and_architecture/CompanionAppStudent/server/src/main/kotlin/be/ecam/server/services/auth_service.kt:
20:21 Argument type mismatch: actual type is 'Function0<Op<Boolean>>', but 'List<Expression<*>>' was expected.
e: file:///C:/_Projet_softoware_and_architecture/CompanionAppStudent/server/src/main/kotlin/be/ecam/server/services/auth_service.kt:
67:21 Argument type mismatch: actual type is 'Function0<Op<Boolean>>', but 'List<Expression<*>>' was expected.
e: file:///C:/_Projet_softoware_and_architecture/CompanionAppStudent/server/src/main/kotlin/be/ecam/server/services/bloc_service.kt:
20:21 Argument type mismatch: actual type is 'Function0<Op<Boolean>>', but 'List<Expression<*>>' was expected.
e: file:///C:/_Projet_softoware_and_architecture/CompanionAppStudent/server/src/main/kotlin/be/ecam/server/services/bloc_service.kt:
28:21 Argument type mismatch: actual type is 'Function0<Op<Boolean>>', but 'List<Expression<*>>' was expected.
e: file:///C:/_Projet_softoware_and_architecture/CompanionAppStudent/server/src/main/kotlin/be/ecam/server/services/bloc_service.kt:
41:21 Argument type mismatch: actual type is 'Function0<Op<Boolean>>', but 'List<Expression<*>>' was expected.
e: file:///C:/_Projet_softoware_and_architecture/CompanionAppStudent/server/src/main/kotlin/be/ecam/server/services/bloc_service.kt:
57:21 Argument type mismatch: actual type is 'Function0<Op<Boolean>>', but 'List<Expression<*>>' was expected.
e: file:///C:/_Projet_softoware_and_architecture/CompanionAppStudent/server/src/main/kotlin/be/ecam/server/services/bloc_service.kt:
64:34 None of the following candidates is applicable:
fun Join.delete(targetTable: Table, vararg targetTables: Table, ignore: Boolean = ..., limit: Int? = ..., where: 
(SqlExpressionBuilder.() -> Op<Boolean>)? = ...): Int
fun Join.delete(targetTable: Table, vararg targetTables: Table, ignore: Boolean = ..., limit: Int? = ..., where: 
SqlExpressionBuilder.() -> Op<Boolean>): Int
fun Join.delete(targetTable: Table, vararg targetTables: Table, ignore: Boolean = ..., limit: Int? = ...): Int
e: file:///C:/_Projet_softoware_and_architecture/CompanionAppStudent/server/src/main/kotlin/be/ecam/server/services/calendar_event_s
ervice.kt:16:21 Argument type mismatch: actual type is 'Function0<Op<Boolean>>', but 'List<Expression<*>>' was expected.
e: file:///C:/_Projet_softoware_and_architecture/CompanionAppStudent/server/src/main/kotlin/be/ecam/server/services/calendar_event_s
ervice.kt:23:21 Argument type mismatch: actual type is 'Function0<Op<Boolean>>', but 'List<Expression<*>>' was expected.
e: file:///C:/_Projet_softoware_and_architecture/CompanionAppStudent/server/src/main/kotlin/be/ecam/server/services/calendar_event_s
ervice.kt:29:21 Argument type mismatch: actual type is 'Function0<Op<Boolean>>', but 'List<Expression<*>>' was expected.
e: file:///C:/_Projet_softoware_and_architecture/CompanionAppStudent/server/src/main/kotlin/be/ecam/server/services/calendar_event_s
ervice.kt:46:21 Argument type mismatch: actual type is 'Function0<Op<Boolean>>', but 'List<Expression<*>>' was expected.
e: file:///C:/_Projet_softoware_and_architecture/CompanionAppStudent/server/src/main/kotlin/be/ecam/server/services/calendar_event_s
ervice.kt:66:21 Argument type mismatch: actual type is 'Function0<Op<Boolean>>', but 'List<Expression<*>>' was expected.
e: file:///C:/_Projet_softoware_and_architecture/CompanionAppStudent/server/src/main/kotlin/be/ecam/server/services/calendar_event_s
ervice.kt:72:43 None of the following candidates is applicable:
fun Join.delete(targetTable: Table, vararg targetTables: Table, ignore: Boolean = ..., limit: Int? = ..., where: 
(SqlExpressionBuilder.() -> Op<Boolean>)? = ...): Int
fun Join.delete(targetTable: Table, vararg targetTables: Table, ignore: Boolean = ..., limit: Int? = ..., where: 
SqlExpressionBuilder.() -> Op<Boolean>): Int
fun Join.delete(targetTable: Table, vararg targetTables: Table, ignore: Boolean = ..., limit: Int? = ...): Int
e: file:///C:/_Projet_softoware_and_architecture/CompanionAppStudent/server/src/main/kotlin/be/ecam/server/services/course_details_s
ervice.kt:20:21 Argument type mismatch: actual type is 'Function0<Op<Boolean>>', but 'List<Expression<*>>' was expected.
e: file:///C:/_Projet_softoware_and_architecture/CompanionAppStudent/server/src/main/kotlin/be/ecam/server/services/course_details_s
ervice.kt:28:21 Argument type mismatch: actual type is 'Function0<Op<Boolean>>', but 'List<Expression<*>>' was expected.
e: file:///C:/_Projet_softoware_and_architecture/CompanionAppStudent/server/src/main/kotlin/be/ecam/server/services/course_details_s
ervice.kt:35:21 Argument type mismatch: actual type is 'Function0<Op<Boolean>>', but 'List<Expression<*>>' was expected.
e: file:///C:/_Projet_softoware_and_architecture/CompanionAppStudent/server/src/main/kotlin/be/ecam/server/services/course_details_s
ervice.kt:42:21 Argument type mismatch: actual type is 'Function0<Op<Boolean>>', but 'List<Expression<*>>' was expected.
e: file:///C:/_Projet_softoware_and_architecture/CompanionAppStudent/server/src/main/kotlin/be/ecam/server/services/course_details_s
ervice.kt:68:21 Argument type mismatch: actual type is 'Function0<Op<Boolean>>', but 'List<Expression<*>>' was expected.
e: file:///C:/_Projet_softoware_and_architecture/CompanionAppStudent/server/src/main/kotlin/be/ecam/server/services/course_details_s
ervice.kt:97:21 Argument type mismatch: actual type is 'Function0<Op<Boolean>>', but 'List<Expression<*>>' was expected.
e: file:///C:/_Projet_softoware_and_architecture/CompanionAppStudent/server/src/main/kotlin/be/ecam/server/services/course_details_s
ervice.kt:104:42 None of the following candidates is applicable:
fun Join.delete(targetTable: Table, vararg targetTables: Table, ignore: Boolean = ..., limit: Int? = ..., where: 
(SqlExpressionBuilder.() -> Op<Boolean>)? = ...): Int
fun Join.delete(targetTable: Table, vararg targetTables: Table, ignore: Boolean = ..., limit: Int? = ..., where: 
SqlExpressionBuilder.() -> Op<Boolean>): Int
fun Join.delete(targetTable: Table, vararg targetTables: Table, ignore: Boolean = ..., limit: Int? = ...): Int
e: file:///C:/_Projet_softoware_and_architecture/CompanionAppStudent/server/src/main/kotlin/be/ecam/server/services/course_eval_serv
ice.kt:20:21 Argument type mismatch: actual type is 'Function0<Op<Boolean>>', but 'List<Expression<*>>' was expected.
e: file:///C:/_Projet_softoware_and_architecture/CompanionAppStudent/server/src/main/kotlin/be/ecam/server/services/course_eval_serv
ice.kt:28:21 Argument type mismatch: actual type is 'Function0<Op<Boolean>>', but 'List<Expression<*>>' was expected.
e: file:///C:/_Projet_softoware_and_architecture/CompanionAppStudent/server/src/main/kotlin/be/ecam/server/services/course_eval_serv
ice.kt:35:21 Argument type mismatch: actual type is 'Function0<Op<Boolean>>', but 'List<Expression<*>>' was expected.
e: file:///C:/_Projet_softoware_and_architecture/CompanionAppStudent/server/src/main/kotlin/be/ecam/server/services/course_eval_serv
ice.kt:53:21 Argument type mismatch: actual type is 'Function0<Op<Boolean>>', but 'List<Expression<*>>' was expected.
e: file:///C:/_Projet_softoware_and_architecture/CompanionAppStudent/server/src/main/kotlin/be/ecam/server/services/course_eval_serv
ice.kt:60:45 None of the following candidates is applicable:
fun <T : Table> T.update(where: (SqlExpressionBuilder.() -> Op<Boolean>)? = ..., limit: Int? = ..., body: T.(UpdateStatement) -> 
Unit): Int
fun <T : Table> T.update(where: SqlExpressionBuilder.() -> Op<Boolean>, limit: Int? = ..., crossinline body: T.(UpdateStatement) -> 
Unit): Int
fun <T : Table> T.update(limit: Int? = ..., crossinline body: T.(UpdateStatement) -> Unit): Int
e: file:///C:/_Projet_softoware_and_architecture/CompanionAppStudent/server/src/main/kotlin/be/ecam/server/services/course_eval_serv
ice.kt:60:86 Cannot infer type for value parameter 'row'. Specify it explicitly.
e: file:///C:/_Projet_softoware_and_architecture/CompanionAppStudent/server/src/main/kotlin/be/ecam/server/services/course_eval_serv
ice.kt:61:17 Unresolved reference 'evaluatedActivityId'.
e: file:///C:/_Projet_softoware_and_architecture/CompanionAppStudent/server/src/main/kotlin/be/ecam/server/services/course_eval_serv
ice.kt:61:40 Argument type mismatch: actual type is 'String', but 'Char' was expected.
e: file:///C:/_Projet_softoware_and_architecture/CompanionAppStudent/server/src/main/kotlin/be/ecam/server/services/course_eval_serv
ice.kt:62:17 Unresolved reference 'courseId'.
e: file:///C:/_Projet_softoware_and_architecture/CompanionAppStudent/server/src/main/kotlin/be/ecam/server/services/course_eval_serv
ice.kt:62:29 Argument type mismatch: actual type is 'String', but 'Char' was expected.
e: file:///C:/_Projet_softoware_and_architecture/CompanionAppStudent/server/src/main/kotlin/be/ecam/server/services/course_eval_serv
ice.kt:63:17 Unresolved reference 'weight'.
e: file:///C:/_Projet_softoware_and_architecture/CompanionAppStudent/server/src/main/kotlin/be/ecam/server/services/course_eval_serv
ice.kt:63:27 Argument type mismatch: actual type is 'Double', but 'Char' was expected.
e: file:///C:/_Projet_softoware_and_architecture/CompanionAppStudent/server/src/main/kotlin/be/ecam/server/services/course_eval_serv
ice.kt:64:17 Unresolved reference 'typeQ1'.
e: file:///C:/_Projet_softoware_and_architecture/CompanionAppStudent/server/src/main/kotlin/be/ecam/server/services/course_eval_serv
ice.kt:64:27 Argument type mismatch: actual type is 'String?', but 'Char' was expected.
e: file:///C:/_Projet_softoware_and_architecture/CompanionAppStudent/server/src/main/kotlin/be/ecam/server/services/course_eval_serv
ice.kt:65:17 Unresolved reference 'typeQ2'.
e: file:///C:/_Projet_softoware_and_architecture/CompanionAppStudent/server/src/main/kotlin/be/ecam/server/services/course_eval_serv
ice.kt:65:27 Argument type mismatch: actual type is 'String?', but 'Char' was expected.
e: file:///C:/_Projet_softoware_and_architecture/CompanionAppStudent/server/src/main/kotlin/be/ecam/server/services/course_eval_serv
ice.kt:66:17 Unresolved reference 'typeQ3'.
e: file:///C:/_Projet_softoware_and_architecture/CompanionAppStudent/server/src/main/kotlin/be/ecam/server/services/course_eval_serv
ice.kt:66:27 Argument type mismatch: actual type is 'String?', but 'Char' was expected.
e: file:///C:/_Projet_softoware_and_architecture/CompanionAppStudent/server/src/main/kotlin/be/ecam/server/services/course_eval_serv
ice.kt:67:17 Unresolved reference 'sousCourseIds'.
e: file:///C:/_Projet_softoware_and_architecture/CompanionAppStudent/server/src/main/kotlin/be/ecam/server/services/course_eval_serv
ice.kt:67:34 Argument type mismatch: actual type is 'String?', but 'Char' was expected.
e: file:///C:/_Projet_softoware_and_architecture/CompanionAppStudent/server/src/main/kotlin/be/ecam/server/services/course_eval_serv
ice.kt:68:17 Unresolved reference 'teachersIds'.
e: file:///C:/_Projet_softoware_and_architecture/CompanionAppStudent/server/src/main/kotlin/be/ecam/server/services/course_eval_serv
ice.kt:68:32 Argument type mismatch: actual type is 'String?', but 'Char' was expected.
e: file:///C:/_Projet_softoware_and_architecture/CompanionAppStudent/server/src/main/kotlin/be/ecam/server/services/course_eval_serv
ice.kt:74:21 Argument type mismatch: actual type is 'Function0<Op<Boolean>>', but 'List<Expression<*>>' was expected.
e: file:///C:/_Projet_softoware_and_architecture/CompanionAppStudent/server/src/main/kotlin/be/ecam/server/services/course_eval_serv
ice.kt:81:45 None of the following candidates is applicable:
fun Join.delete(targetTable: Table, vararg targetTables: Table, ignore: Boolean = ..., limit: Int? = ..., where: 
(SqlExpressionBuilder.() -> Op<Boolean>)? = ...): Int
fun Join.delete(targetTable: Table, vararg targetTables: Table, ignore: Boolean = ..., limit: Int? = ..., where: 
SqlExpressionBuilder.() -> Op<Boolean>): Int
fun Join.delete(targetTable: Table, vararg targetTables: Table, ignore: Boolean = ..., limit: Int? = ...): Int
e: file:///C:/_Projet_softoware_and_architecture/CompanionAppStudent/server/src/main/kotlin/be/ecam/server/services/course_schedule_
service.kt:20:21 Argument type mismatch: actual type is 'Function0<Op<Boolean>>', but 'List<Expression<*>>' was expected.
e: file:///C:/_Projet_softoware_and_architecture/CompanionAppStudent/server/src/main/kotlin/be/ecam/server/services/course_schedule_
service.kt:28:21 Argument type mismatch: actual type is 'Function0<Op<Boolean>>', but 'List<Expression<*>>' was expected.
e: file:///C:/_Projet_softoware_and_architecture/CompanionAppStudent/server/src/main/kotlin/be/ecam/server/services/course_schedule_
service.kt:35:21 Argument type mismatch: actual type is 'Function0<Op<Boolean>>', but 'List<Expression<*>>' was expected.
e: file:///C:/_Projet_softoware_and_architecture/CompanionAppStudent/server/src/main/kotlin/be/ecam/server/services/course_schedule_
service.kt:42:21 Argument type mismatch: actual type is 'Function0<Op<Boolean>>', but 'List<Expression<*>>' was expected.
e: file:///C:/_Projet_softoware_and_architecture/CompanionAppStudent/server/src/main/kotlin/be/ecam/server/services/course_schedule_
service.kt:49:21 Argument type mismatch: actual type is 'Function0<Op<Boolean>>', but 'List<Expression<*>>' was expected.
e: file:///C:/_Projet_softoware_and_architecture/CompanionAppStudent/server/src/main/kotlin/be/ecam/server/services/course_schedule_
service.kt:56:21 Argument type mismatch: actual type is 'Function0<Op<Boolean>>', but 'List<Expression<*>>' was expected.
e: file:///C:/_Projet_softoware_and_architecture/CompanionAppStudent/server/src/main/kotlin/be/ecam/server/services/course_schedule_
service.kt:79:21 Argument type mismatch: actual type is 'Function0<Op<Boolean>>', but 'List<Expression<*>>' was expected.
e: file:///C:/_Projet_softoware_and_architecture/CompanionAppStudent/server/src/main/kotlin/be/ecam/server/services/course_schedule_
service.kt:86:43 None of the following candidates is applicable:
fun <T : Table> T.update(where: (SqlExpressionBuilder.() -> Op<Boolean>)? = ..., limit: Int? = ..., body: T.(UpdateStatement) -> 
Unit): Int
fun <T : Table> T.update(where: SqlExpressionBuilder.() -> Op<Boolean>, limit: Int? = ..., crossinline body: T.(UpdateStatement) -> 
Unit): Int
fun <T : Table> T.update(limit: Int? = ..., crossinline body: T.(UpdateStatement) -> Unit): Int
e: file:///C:/_Projet_softoware_and_architecture/CompanionAppStudent/server/src/main/kotlin/be/ecam/server/services/course_schedule_
service.kt:86:82 Cannot infer type for value parameter 'row'. Specify it explicitly.
e: file:///C:/_Projet_softoware_and_architecture/CompanionAppStudent/server/src/main/kotlin/be/ecam/server/services/course_schedule_
service.kt:87:17 Unresolved reference 'week'.
e: file:///C:/_Projet_softoware_and_architecture/CompanionAppStudent/server/src/main/kotlin/be/ecam/server/services/course_schedule_
service.kt:87:25 Argument type mismatch: actual type is 'Int', but 'Char' was expected.
e: file:///C:/_Projet_softoware_and_architecture/CompanionAppStudent/server/src/main/kotlin/be/ecam/server/services/course_schedule_
service.kt:88:17 Unresolved reference 'yearOptionId'.
e: file:///C:/_Projet_softoware_and_architecture/CompanionAppStudent/server/src/main/kotlin/be/ecam/server/services/course_schedule_
service.kt:88:37 Unresolved reference 'year'.
e: file:///C:/_Projet_softoware_and_architecture/CompanionAppStudent/server/src/main/kotlin/be/ecam/server/services/course_schedule_
service.kt:89:17 Unresolved reference 'groupNo'.
e: file:///C:/_Projet_softoware_and_architecture/CompanionAppStudent/server/src/main/kotlin/be/ecam/server/services/course_schedule_
service.kt:89:28 Argument type mismatch: actual type is 'String', but 'Char' was expected.
e: file:///C:/_Projet_softoware_and_architecture/CompanionAppStudent/server/src/main/kotlin/be/ecam/server/services/course_schedule_
service.kt:90:17 Unresolved reference 'seriesJson'.
e: file:///C:/_Projet_softoware_and_architecture/CompanionAppStudent/server/src/main/kotlin/be/ecam/server/services/course_schedule_
service.kt:90:31 Argument type mismatch: actual type is 'String?', but 'Char' was expected.
e: file:///C:/_Projet_softoware_and_architecture/CompanionAppStudent/server/src/main/kotlin/be/ecam/server/services/course_schedule_
service.kt:91:17 Unresolved reference 'date'.
e: file:///C:/_Projet_softoware_and_architecture/CompanionAppStudent/server/src/main/kotlin/be/ecam/server/services/course_schedule_
service.kt:91:25 Argument type mismatch: actual type is 'String', but 'Char' was expected.
e: file:///C:/_Projet_softoware_and_architecture/CompanionAppStudent/server/src/main/kotlin/be/ecam/server/services/course_schedule_
service.kt:92:17 Unresolved reference 'dayName'.
e: file:///C:/_Projet_softoware_and_architecture/CompanionAppStudent/server/src/main/kotlin/be/ecam/server/services/course_schedule_
service.kt:92:28 Argument type mismatch: actual type is 'String', but 'Char' was expected.
e: file:///C:/_Projet_softoware_and_architecture/CompanionAppStudent/server/src/main/kotlin/be/ecam/server/services/course_schedule_
service.kt:93:17 Unresolved reference 'startTime'.
e: file:///C:/_Projet_softoware_and_architecture/CompanionAppStudent/server/src/main/kotlin/be/ecam/server/services/course_schedule_
service.kt:93:30 Argument type mismatch: actual type is 'String', but 'Char' was expected.
e: file:///C:/_Projet_softoware_and_architecture/CompanionAppStudent/server/src/main/kotlin/be/ecam/server/services/course_schedule_
service.kt:94:17 Unresolved reference 'endTime'.
e: file:///C:/_Projet_softoware_and_architecture/CompanionAppStudent/server/src/main/kotlin/be/ecam/server/services/course_schedule_
service.kt:94:28 Argument type mismatch: actual type is 'String', but 'Char' was expected.
e: file:///C:/_Projet_softoware_and_architecture/CompanionAppStudent/server/src/main/kotlin/be/ecam/server/services/course_schedule_
service.kt:95:17 Unresolved reference 'courseRaccourciId'.
e: file:///C:/_Projet_softoware_and_architecture/CompanionAppStudent/server/src/main/kotlin/be/ecam/server/services/course_schedule_
service.kt:95:38 Argument type mismatch: actual type is 'String', but 'Char' was expected.
e: file:///C:/_Projet_softoware_and_architecture/CompanionAppStudent/server/src/main/kotlin/be/ecam/server/services/course_schedule_
service.kt:96:17 Unresolved reference 'title'.
e: file:///C:/_Projet_softoware_and_architecture/CompanionAppStudent/server/src/main/kotlin/be/ecam/server/services/course_schedule_
service.kt:96:26 Argument type mismatch: actual type is 'String', but 'Char' was expected.
e: file:///C:/_Projet_softoware_and_architecture/CompanionAppStudent/server/src/main/kotlin/be/ecam/server/services/course_schedule_
service.kt:97:17 Unresolved reference 'teachersJson'.
e: file:///C:/_Projet_softoware_and_architecture/CompanionAppStudent/server/src/main/kotlin/be/ecam/server/services/course_schedule_
service.kt:97:33 Argument type mismatch: actual type is 'String?', but 'Char' was expected.
e: file:///C:/_Projet_softoware_and_architecture/CompanionAppStudent/server/src/main/kotlin/be/ecam/server/services/course_schedule_
service.kt:98:17 Unresolved reference 'roomIds'.
e: file:///C:/_Projet_softoware_and_architecture/CompanionAppStudent/server/src/main/kotlin/be/ecam/server/services/course_schedule_
service.kt:98:28 Argument type mismatch: actual type is 'String?', but 'Char' was expected.
e: file:///C:/_Projet_softoware_and_architecture/CompanionAppStudent/server/src/main/kotlin/be/ecam/server/services/course_schedule_
service.kt:99:17 Unresolved reference 'sousCourseId'.
e: file:///C:/_Projet_softoware_and_architecture/CompanionAppStudent/server/src/main/kotlin/be/ecam/server/services/course_schedule_
service.kt:99:33 Argument type mismatch: actual type is 'String?', but 'Char' was expected.
e: file:///C:/_Projet_softoware_and_architecture/CompanionAppStudent/server/src/main/kotlin/be/ecam/server/services/course_schedule_
service.kt:105:21 Argument type mismatch: actual type is 'Function0<Op<Boolean>>', but 'List<Expression<*>>' was expected.
e: file:///C:/_Projet_softoware_and_architecture/CompanionAppStudent/server/src/main/kotlin/be/ecam/server/services/course_schedule_
service.kt:112:43 None of the following candidates is applicable:
fun Join.delete(targetTable: Table, vararg targetTables: Table, ignore: Boolean = ..., limit: Int? = ..., where: 
(SqlExpressionBuilder.() -> Op<Boolean>)? = ...): Int
fun Join.delete(targetTable: Table, vararg targetTables: Table, ignore: Boolean = ..., limit: Int? = ..., where: 
SqlExpressionBuilder.() -> Op<Boolean>): Int
fun Join.delete(targetTable: Table, vararg targetTables: Table, ignore: Boolean = ..., limit: Int? = ...): Int
e: file:///C:/_Projet_softoware_and_architecture/CompanionAppStudent/server/src/main/kotlin/be/ecam/server/services/course_service.k
t:20:21 Argument type mismatch: actual type is 'Function0<Op<Boolean>>', but 'List<Expression<*>>' was expected.
e: file:///C:/_Projet_softoware_and_architecture/CompanionAppStudent/server/src/main/kotlin/be/ecam/server/services/course_service.k
t:28:21 Argument type mismatch: actual type is 'Function0<Op<Boolean>>', but 'List<Expression<*>>' was expected.
e: file:///C:/_Projet_softoware_and_architecture/CompanionAppStudent/server/src/main/kotlin/be/ecam/server/services/course_service.k
t:35:21 Argument type mismatch: actual type is 'Function0<Op<Boolean>>', but 'List<Expression<*>>' was expected.
e: file:///C:/_Projet_softoware_and_architecture/CompanionAppStudent/server/src/main/kotlin/be/ecam/server/services/course_service.k
t:42:21 Argument type mismatch: actual type is 'Function0<Op<Boolean>>', but 'List<Expression<*>>' was expected.
e: file:///C:/_Projet_softoware_and_architecture/CompanionAppStudent/server/src/main/kotlin/be/ecam/server/services/course_service.k
t:49:21 Argument type mismatch: actual type is 'Function0<Op<Boolean>>', but 'List<Expression<*>>' was expected.
e: file:///C:/_Projet_softoware_and_architecture/CompanionAppStudent/server/src/main/kotlin/be/ecam/server/services/course_service.k
t:69:21 Argument type mismatch: actual type is 'Function0<Op<Boolean>>', but 'List<Expression<*>>' was expected.
e: file:///C:/_Projet_softoware_and_architecture/CompanionAppStudent/server/src/main/kotlin/be/ecam/server/services/course_service.k
t:76:36 None of the following candidates is applicable:
fun <T : Table> T.update(where: (SqlExpressionBuilder.() -> Op<Boolean>)? = ..., limit: Int? = ..., body: T.(UpdateStatement) -> 
Unit): Int
fun <T : Table> T.update(where: SqlExpressionBuilder.() -> Op<Boolean>, limit: Int? = ..., crossinline body: T.(UpdateStatement) -> 
Unit): Int
fun <T : Table> T.update(limit: Int? = ..., crossinline body: T.(UpdateStatement) -> Unit): Int
e: file:///C:/_Projet_softoware_and_architecture/CompanionAppStudent/server/src/main/kotlin/be/ecam/server/services/course_service.k
t:76:68 Cannot infer type for value parameter 'row'. Specify it explicitly.
e: file:///C:/_Projet_softoware_and_architecture/CompanionAppStudent/server/src/main/kotlin/be/ecam/server/services/course_service.k
t:77:17 Unresolved reference 'courseId'.
e: file:///C:/_Projet_softoware_and_architecture/CompanionAppStudent/server/src/main/kotlin/be/ecam/server/services/course_service.k
t:77:29 Argument type mismatch: actual type is 'String', but 'Char' was expected.
e: file:///C:/_Projet_softoware_and_architecture/CompanionAppStudent/server/src/main/kotlin/be/ecam/server/services/course_service.k
t:78:17 Unresolved reference 'courseRaccourciId'.
e: file:///C:/_Projet_softoware_and_architecture/CompanionAppStudent/server/src/main/kotlin/be/ecam/server/services/course_service.k
t:78:38 Argument type mismatch: actual type is 'String', but 'Char' was expected.
e: file:///C:/_Projet_softoware_and_architecture/CompanionAppStudent/server/src/main/kotlin/be/ecam/server/services/course_service.k
t:79:17 Unresolved reference 'title'.
e: file:///C:/_Projet_softoware_and_architecture/CompanionAppStudent/server/src/main/kotlin/be/ecam/server/services/course_service.k
t:79:26 Argument type mismatch: actual type is 'String', but 'Char' was expected.
e: file:///C:/_Projet_softoware_and_architecture/CompanionAppStudent/server/src/main/kotlin/be/ecam/server/services/course_service.k
t:80:17 Unresolved reference 'credits'.
e: file:///C:/_Projet_softoware_and_architecture/CompanionAppStudent/server/src/main/kotlin/be/ecam/server/services/course_service.k
t:80:28 Argument type mismatch: actual type is 'Int', but 'Char' was expected.
e: file:///C:/_Projet_softoware_and_architecture/CompanionAppStudent/server/src/main/kotlin/be/ecam/server/services/course_service.k
t:81:17 Unresolved reference 'periods'.
e: file:///C:/_Projet_softoware_and_architecture/CompanionAppStudent/server/src/main/kotlin/be/ecam/server/services/course_service.k
t:81:28 Argument type mismatch: actual type is 'Int', but 'Char' was expected.
e: file:///C:/_Projet_softoware_and_architecture/CompanionAppStudent/server/src/main/kotlin/be/ecam/server/services/course_service.k
t:82:17 Unresolved reference 'detailsUrl'.
e: file:///C:/_Projet_softoware_and_architecture/CompanionAppStudent/server/src/main/kotlin/be/ecam/server/services/course_service.k
t:82:31 Argument type mismatch: actual type is 'String?', but 'Char' was expected.
e: file:///C:/_Projet_softoware_and_architecture/CompanionAppStudent/server/src/main/kotlin/be/ecam/server/services/course_service.k
t:83:17 Unresolved reference 'mandatory'.
e: file:///C:/_Projet_softoware_and_architecture/CompanionAppStudent/server/src/main/kotlin/be/ecam/server/services/course_service.k
t:83:30 Argument type mismatch: actual type is 'Boolean', but 'Char' was expected.
e: file:///C:/_Projet_softoware_and_architecture/CompanionAppStudent/server/src/main/kotlin/be/ecam/server/services/course_service.k
t:84:17 Unresolved reference 'blocId'.
e: file:///C:/_Projet_softoware_and_architecture/CompanionAppStudent/server/src/main/kotlin/be/ecam/server/services/course_service.k
t:84:27 Argument type mismatch: actual type is 'Int?', but 'Char' was expected.
e: file:///C:/_Projet_softoware_and_architecture/CompanionAppStudent/server/src/main/kotlin/be/ecam/server/services/course_service.k
t:85:17 Unresolved reference 'formationId'.
e: file:///C:/_Projet_softoware_and_architecture/CompanionAppStudent/server/src/main/kotlin/be/ecam/server/services/course_service.k
t:85:32 Argument type mismatch: actual type is 'Int?', but 'Char' was expected.
e: file:///C:/_Projet_softoware_and_architecture/CompanionAppStudent/server/src/main/kotlin/be/ecam/server/services/course_service.k
t:86:17 Unresolved reference 'language'.
e: file:///C:/_Projet_softoware_and_architecture/CompanionAppStudent/server/src/main/kotlin/be/ecam/server/services/course_service.k
t:86:29 Argument type mismatch: actual type is 'String', but 'Char' was expected.
e: file:///C:/_Projet_softoware_and_architecture/CompanionAppStudent/server/src/main/kotlin/be/ecam/server/services/course_service.k
t:92:21 Argument type mismatch: actual type is 'Function0<Op<Boolean>>', but 'List<Expression<*>>' was expected.
e: file:///C:/_Projet_softoware_and_architecture/CompanionAppStudent/server/src/main/kotlin/be/ecam/server/services/course_service.k
t:99:36 None of the following candidates is applicable:
fun Join.delete(targetTable: Table, vararg targetTables: Table, ignore: Boolean = ..., limit: Int? = ..., where: 
(SqlExpressionBuilder.() -> Op<Boolean>)? = ...): Int
fun Join.delete(targetTable: Table, vararg targetTables: Table, ignore: Boolean = ..., limit: Int? = ..., where: 
SqlExpressionBuilder.() -> Op<Boolean>): Int
fun Join.delete(targetTable: Table, vararg targetTables: Table, ignore: Boolean = ..., limit: Int? = ...): Int
e: file:///C:/_Projet_softoware_and_architecture/CompanionAppStudent/server/src/main/kotlin/be/ecam/server/services/formation_servic
e.kt:20:21 Argument type mismatch: actual type is 'Function0<Op<Boolean>>', but 'List<Expression<*>>' was expected.
e: file:///C:/_Projet_softoware_and_architecture/CompanionAppStudent/server/src/main/kotlin/be/ecam/server/services/formation_servic
e.kt:28:21 Argument type mismatch: actual type is 'Function0<Op<Boolean>>', but 'List<Expression<*>>' was expected.
e: file:///C:/_Projet_softoware_and_architecture/CompanionAppStudent/server/src/main/kotlin/be/ecam/server/services/formation_servic
e.kt:42:21 Argument type mismatch: actual type is 'Function0<Op<Boolean>>', but 'List<Expression<*>>' was expected.
e: file:///C:/_Projet_softoware_and_architecture/CompanionAppStudent/server/src/main/kotlin/be/ecam/server/services/formation_servic
e.kt:49:39 None of the following candidates is applicable:
fun <T : Table> T.update(where: (SqlExpressionBuilder.() -> Op<Boolean>)? = ..., limit: Int? = ..., body: T.(UpdateStatement) -> 
Unit): Int
fun <T : Table> T.update(where: SqlExpressionBuilder.() -> Op<Boolean>, limit: Int? = ..., crossinline body: T.(UpdateStatement) -> 
Unit): Int
fun <T : Table> T.update(limit: Int? = ..., crossinline body: T.(UpdateStatement) -> Unit): Int
e: file:///C:/_Projet_softoware_and_architecture/CompanionAppStudent/server/src/main/kotlin/be/ecam/server/services/formation_servic
e.kt:49:74 Cannot infer type for value parameter 'row'. Specify it explicitly.
e: file:///C:/_Projet_softoware_and_architecture/CompanionAppStudent/server/src/main/kotlin/be/ecam/server/services/formation_servic
e.kt:50:17 Unresolved reference 'formationId'.
e: file:///C:/_Projet_softoware_and_architecture/CompanionAppStudent/server/src/main/kotlin/be/ecam/server/services/formation_servic
e.kt:50:32 Argument type mismatch: actual type is 'String', but 'Char' was expected.
e: file:///C:/_Projet_softoware_and_architecture/CompanionAppStudent/server/src/main/kotlin/be/ecam/server/services/formation_servic
e.kt:51:17 Unresolved reference. None of the following candidates is applicable because of a receiver type mismatch:
val Database.name: String
e: file:///C:/_Projet_softoware_and_architecture/CompanionAppStudent/server/src/main/kotlin/be/ecam/server/services/formation_servic
e.kt:52:17 Unresolved reference 'sourceUrl'.
e: file:///C:/_Projet_softoware_and_architecture/CompanionAppStudent/server/src/main/kotlin/be/ecam/server/services/formation_servic
e.kt:52:30 Argument type mismatch: actual type is 'String', but 'Char' was expected.
e: file:///C:/_Projet_softoware_and_architecture/CompanionAppStudent/server/src/main/kotlin/be/ecam/server/services/formation_servic
e.kt:53:17 Unresolved reference 'imageUrl'.
e: file:///C:/_Projet_softoware_and_architecture/CompanionAppStudent/server/src/main/kotlin/be/ecam/server/services/formation_servic
e.kt:53:29 Argument type mismatch: actual type is 'String?', but 'Char' was expected.
e: file:///C:/_Projet_softoware_and_architecture/CompanionAppStudent/server/src/main/kotlin/be/ecam/server/services/formation_servic
e.kt:59:21 Argument type mismatch: actual type is 'Function0<Op<Boolean>>', but 'List<Expression<*>>' was expected.
e: file:///C:/_Projet_softoware_and_architecture/CompanionAppStudent/server/src/main/kotlin/be/ecam/server/services/formation_servic
e.kt:66:39 None of the following candidates is applicable:
fun Join.delete(targetTable: Table, vararg targetTables: Table, ignore: Boolean = ..., limit: Int? = ..., where: 
(SqlExpressionBuilder.() -> Op<Boolean>)? = ...): Int
fun Join.delete(targetTable: Table, vararg targetTables: Table, ignore: Boolean = ..., limit: Int? = ..., where: 
SqlExpressionBuilder.() -> Op<Boolean>): Int
fun Join.delete(targetTable: Table, vararg targetTables: Table, ignore: Boolean = ..., limit: Int? = ...): Int
e: file:///C:/_Projet_softoware_and_architecture/CompanionAppStudent/server/src/main/kotlin/be/ecam/server/services/notes_service.kt
:20:21 Argument type mismatch: actual type is 'Function0<Op<Boolean>>', but 'List<Expression<*>>' was expected.
e: file:///C:/_Projet_softoware_and_architecture/CompanionAppStudent/server/src/main/kotlin/be/ecam/server/services/notes_service.kt
:28:21 Argument type mismatch: actual type is 'Function0<Op<Boolean>>', but 'List<Expression<*>>' was expected.
e: file:///C:/_Projet_softoware_and_architecture/CompanionAppStudent/server/src/main/kotlin/be/ecam/server/services/notes_service.kt
:35:21 Argument type mismatch: actual type is 'Function0<Op<Boolean>>', but 'List<Expression<*>>' was expected.
e: file:///C:/_Projet_softoware_and_architecture/CompanionAppStudent/server/src/main/kotlin/be/ecam/server/services/notes_service.kt
:45:21 Argument type mismatch: actual type is 'Function0<Op<Boolean>>', but 'List<Expression<*>>' was expected.
e: file:///C:/_Projet_softoware_and_architecture/CompanionAppStudent/server/src/main/kotlin/be/ecam/server/services/notes_service.kt
:73:21 Argument type mismatch: actual type is 'Function0<Op<Boolean>>', but 'List<Expression<*>>' was expected.
e: file:///C:/_Projet_softoware_and_architecture/CompanionAppStudent/server/src/main/kotlin/be/ecam/server/services/notes_service.kt
:79:34 Unresolved reference 'NoteStudentWriteRequest'.
e: file:///C:/_Projet_softoware_and_architecture/CompanionAppStudent/server/src/main/kotlin/be/ecam/server/services/notes_service.kt
:79:60 Unresolved reference 'NoteStudentDTO'.
e: file:///C:/_Projet_softoware_and_architecture/CompanionAppStudent/server/src/main/kotlin/be/ecam/server/services/notes_service.kt
:80:42 None of the following candidates is applicable:
fun <T : Table> T.update(where: (SqlExpressionBuilder.() -> Op<Boolean>)? = ..., limit: Int? = ..., body: T.(UpdateStatement) -> 
Unit): Int
fun <T : Table> T.update(where: SqlExpressionBuilder.() -> Op<Boolean>, limit: Int? = ..., crossinline body: T.(UpdateStatement) -> 
Unit): Int
fun <T : Table> T.update(limit: Int? = ..., crossinline body: T.(UpdateStatement) -> Unit): Int
e: file:///C:/_Projet_softoware_and_architecture/CompanionAppStudent/server/src/main/kotlin/be/ecam/server/services/notes_service.kt
:80:80 Cannot infer type for value parameter 'row'. Specify it explicitly.
e: file:///C:/_Projet_softoware_and_architecture/CompanionAppStudent/server/src/main/kotlin/be/ecam/server/services/notes_service.kt
:81:17 Unresolved reference 'studentId'.
e: file:///C:/_Projet_softoware_and_architecture/CompanionAppStudent/server/src/main/kotlin/be/ecam/server/services/notes_service.kt
:81:34 Unresolved reference 'studentId'.
e: file:///C:/_Projet_softoware_and_architecture/CompanionAppStudent/server/src/main/kotlin/be/ecam/server/services/notes_service.kt
:82:17 Unresolved reference 'academicYear'.
e: file:///C:/_Projet_softoware_and_architecture/CompanionAppStudent/server/src/main/kotlin/be/ecam/server/services/notes_service.kt
:82:37 Unresolved reference 'academicYear'.
e: file:///C:/_Projet_softoware_and_architecture/CompanionAppStudent/server/src/main/kotlin/be/ecam/server/services/notes_service.kt
:83:17 Unresolved reference 'formationId'.
e: file:///C:/_Projet_softoware_and_architecture/CompanionAppStudent/server/src/main/kotlin/be/ecam/server/services/notes_service.kt
:83:36 Unresolved reference 'formationId'.
e: file:///C:/_Projet_softoware_and_architecture/CompanionAppStudent/server/src/main/kotlin/be/ecam/server/services/notes_service.kt
:84:17 Unresolved reference 'blocId'.
e: file:///C:/_Projet_softoware_and_architecture/CompanionAppStudent/server/src/main/kotlin/be/ecam/server/services/notes_service.kt
:84:31 Unresolved reference 'blocId'.
e: file:///C:/_Projet_softoware_and_architecture/CompanionAppStudent/server/src/main/kotlin/be/ecam/server/services/notes_service.kt
:85:17 Unresolved reference 'courseId'.
e: file:///C:/_Projet_softoware_and_architecture/CompanionAppStudent/server/src/main/kotlin/be/ecam/server/services/notes_service.kt
:85:33 Unresolved reference 'courseId'.
e: file:///C:/_Projet_softoware_and_architecture/CompanionAppStudent/server/src/main/kotlin/be/ecam/server/services/notes_service.kt
:86:17 Unresolved reference 'courseTitle'.
e: file:///C:/_Projet_softoware_and_architecture/CompanionAppStudent/server/src/main/kotlin/be/ecam/server/services/notes_service.kt
:86:36 Unresolved reference 'courseTitle'.
e: file:///C:/_Projet_softoware_and_architecture/CompanionAppStudent/server/src/main/kotlin/be/ecam/server/services/notes_service.kt
:87:17 Unresolved reference 'courseEcts'.
e: file:///C:/_Projet_softoware_and_architecture/CompanionAppStudent/server/src/main/kotlin/be/ecam/server/services/notes_service.kt
:87:35 Unresolved reference 'courseEcts'.
e: file:///C:/_Projet_softoware_and_architecture/CompanionAppStudent/server/src/main/kotlin/be/ecam/server/services/notes_service.kt
:88:17 Unresolved reference 'coursePeriod'.
e: file:///C:/_Projet_softoware_and_architecture/CompanionAppStudent/server/src/main/kotlin/be/ecam/server/services/notes_service.kt
:88:37 Unresolved reference 'coursePeriod'.
e: file:///C:/_Projet_softoware_and_architecture/CompanionAppStudent/server/src/main/kotlin/be/ecam/server/services/notes_service.kt
:89:17 Unresolved reference 'courseId1'.
e: file:///C:/_Projet_softoware_and_architecture/CompanionAppStudent/server/src/main/kotlin/be/ecam/server/services/notes_service.kt
:89:34 Unresolved reference 'courseId1'.
e: file:///C:/_Projet_softoware_and_architecture/CompanionAppStudent/server/src/main/kotlin/be/ecam/server/services/notes_service.kt
:90:17 Unresolved reference 'courseSessionJan'.
e: file:///C:/_Projet_softoware_and_architecture/CompanionAppStudent/server/src/main/kotlin/be/ecam/server/services/notes_service.kt
:90:41 Unresolved reference 'courseSessionJan'.
e: file:///C:/_Projet_softoware_and_architecture/CompanionAppStudent/server/src/main/kotlin/be/ecam/server/services/notes_service.kt
:91:17 Unresolved reference 'courseSessionJun'.
e: file:///C:/_Projet_softoware_and_architecture/CompanionAppStudent/server/src/main/kotlin/be/ecam/server/services/notes_service.kt
:91:41 Unresolved reference 'courseSessionJun'.
e: file:///C:/_Projet_softoware_and_architecture/CompanionAppStudent/server/src/main/kotlin/be/ecam/server/services/notes_service.kt
:92:17 Unresolved reference 'courseSessionSep'.
e: file:///C:/_Projet_softoware_and_architecture/CompanionAppStudent/server/src/main/kotlin/be/ecam/server/services/notes_service.kt
:92:41 Unresolved reference 'courseSessionSep'.
e: file:///C:/_Projet_softoware_and_architecture/CompanionAppStudent/server/src/main/kotlin/be/ecam/server/services/notes_service.kt
:93:17 Unresolved reference 'componentCode'.
e: file:///C:/_Projet_softoware_and_architecture/CompanionAppStudent/server/src/main/kotlin/be/ecam/server/services/notes_service.kt
:93:38 Unresolved reference 'componentCode'.
e: file:///C:/_Projet_softoware_and_architecture/CompanionAppStudent/server/src/main/kotlin/be/ecam/server/services/notes_service.kt
:94:17 Unresolved reference 'componentTitle'.
e: file:///C:/_Projet_softoware_and_architecture/CompanionAppStudent/server/src/main/kotlin/be/ecam/server/services/notes_service.kt
:94:39 Unresolved reference 'componentTitle'.
e: file:///C:/_Projet_softoware_and_architecture/CompanionAppStudent/server/src/main/kotlin/be/ecam/server/services/notes_service.kt
:95:17 Unresolved reference 'componentWeight'.
e: file:///C:/_Projet_softoware_and_architecture/CompanionAppStudent/server/src/main/kotlin/be/ecam/server/services/notes_service.kt
:95:40 Unresolved reference 'componentWeight'.
e: file:///C:/_Projet_softoware_and_architecture/CompanionAppStudent/server/src/main/kotlin/be/ecam/server/services/notes_service.kt
:96:17 Unresolved reference 'componentSessionJan'.
e: file:///C:/_Projet_softoware_and_architecture/CompanionAppStudent/server/src/main/kotlin/be/ecam/server/services/notes_service.kt
:96:44 Unresolved reference 'componentSessionJan'.
e: file:///C:/_Projet_softoware_and_architecture/CompanionAppStudent/server/src/main/kotlin/be/ecam/server/services/notes_service.kt
:97:17 Unresolved reference 'componentSessionJun'.
e: file:///C:/_Projet_softoware_and_architecture/CompanionAppStudent/server/src/main/kotlin/be/ecam/server/services/notes_service.kt
:97:44 Unresolved reference 'componentSessionJun'.
e: file:///C:/_Projet_softoware_and_architecture/CompanionAppStudent/server/src/main/kotlin/be/ecam/server/services/notes_service.kt
:98:17 Unresolved reference 'componentSessionSep'.
e: file:///C:/_Projet_softoware_and_architecture/CompanionAppStudent/server/src/main/kotlin/be/ecam/server/services/notes_service.kt
:98:44 Unresolved reference 'componentSessionSep'.
e: file:///C:/_Projet_softoware_and_architecture/CompanionAppStudent/server/src/main/kotlin/be/ecam/server/services/notes_service.kt
:104:21 Argument type mismatch: actual type is 'Function0<Op<Boolean>>', but 'List<Expression<*>>' was expected.
e: file:///C:/_Projet_softoware_and_architecture/CompanionAppStudent/server/src/main/kotlin/be/ecam/server/services/notes_service.kt
:111:42 None of the following candidates is applicable:
fun Join.delete(targetTable: Table, vararg targetTables: Table, ignore: Boolean = ..., limit: Int? = ..., where: 
(SqlExpressionBuilder.() -> Op<Boolean>)? = ...): Int
fun Join.delete(targetTable: Table, vararg targetTables: Table, ignore: Boolean = ..., limit: Int? = ..., where: 
SqlExpressionBuilder.() -> Op<Boolean>): Int
fun Join.delete(targetTable: Table, vararg targetTables: Table, ignore: Boolean = ..., limit: Int? = ...): Int
e: file:///C:/_Projet_softoware_and_architecture/CompanionAppStudent/server/src/main/kotlin/be/ecam/server/services/pae_service.kt:2
0:21 Argument type mismatch: actual type is 'Function0<Op<Boolean>>', but 'List<Expression<*>>' was expected.
e: file:///C:/_Projet_softoware_and_architecture/CompanionAppStudent/server/src/main/kotlin/be/ecam/server/services/pae_service.kt:2
8:21 Argument type mismatch: actual type is 'Function0<Op<Boolean>>', but 'List<Expression<*>>' was expected.
e: file:///C:/_Projet_softoware_and_architecture/CompanionAppStudent/server/src/main/kotlin/be/ecam/server/services/pae_service.kt:3
5:21 Argument type mismatch: actual type is 'Function0<Op<Boolean>>', but 'List<Expression<*>>' was expected.
e: file:///C:/_Projet_softoware_and_architecture/CompanionAppStudent/server/src/main/kotlin/be/ecam/server/services/pae_service.kt:4
2:21 Argument type mismatch: actual type is 'Function0<Op<Boolean>>', but 'List<Expression<*>>' was expected.
e: file:///C:/_Projet_softoware_and_architecture/CompanionAppStudent/server/src/main/kotlin/be/ecam/server/services/pae_service.kt:6
1:21 Argument type mismatch: actual type is 'Function0<Op<Boolean>>', but 'List<Expression<*>>' was expected.
e: file:///C:/_Projet_softoware_and_architecture/CompanionAppStudent/server/src/main/kotlin/be/ecam/server/services/pae_service.kt:6
8:40 None of the following candidates is applicable:
fun <T : Table> T.update(where: (SqlExpressionBuilder.() -> Op<Boolean>)? = ..., limit: Int? = ..., body: T.(UpdateStatement) -> 
Unit): Int
fun <T : Table> T.update(where: SqlExpressionBuilder.() -> Op<Boolean>, limit: Int? = ..., crossinline body: T.(UpdateStatement) -> 
Unit): Int
fun <T : Table> T.update(limit: Int? = ..., crossinline body: T.(UpdateStatement) -> Unit): Int
e: file:///C:/_Projet_softoware_and_architecture/CompanionAppStudent/server/src/main/kotlin/be/ecam/server/services/pae_service.kt:6
8:76 Cannot infer type for value parameter 'row'. Specify it explicitly.
e: file:///C:/_Projet_softoware_and_architecture/CompanionAppStudent/server/src/main/kotlin/be/ecam/server/services/pae_service.kt:6
9:17 Unresolved reference 'studentId'.
e: file:///C:/_Projet_softoware_and_architecture/CompanionAppStudent/server/src/main/kotlin/be/ecam/server/services/pae_service.kt:6
9:30 Argument type mismatch: actual type is 'Int', but 'Char' was expected.
e: file:///C:/_Projet_softoware_and_architecture/CompanionAppStudent/server/src/main/kotlin/be/ecam/server/services/pae_service.kt:7
0:17 Unresolved reference 'studentName'.
e: file:///C:/_Projet_softoware_and_architecture/CompanionAppStudent/server/src/main/kotlin/be/ecam/server/services/pae_service.kt:7
0:32 Argument type mismatch: actual type is 'String', but 'Char' was expected.
e: file:///C:/_Projet_softoware_and_architecture/CompanionAppStudent/server/src/main/kotlin/be/ecam/server/services/pae_service.kt:7
1:17 Unresolved reference 'email'.
e: file:///C:/_Projet_softoware_and_architecture/CompanionAppStudent/server/src/main/kotlin/be/ecam/server/services/pae_service.kt:7
1:26 Argument type mismatch: actual type is 'String', but 'Char' was expected.
e: file:///C:/_Projet_softoware_and_architecture/CompanionAppStudent/server/src/main/kotlin/be/ecam/server/services/pae_service.kt:7
2:17 Unresolved reference 'role'.
e: file:///C:/_Projet_softoware_and_architecture/CompanionAppStudent/server/src/main/kotlin/be/ecam/server/services/pae_service.kt:7
2:25 Argument type mismatch: actual type is 'String?', but 'Char' was expected.
e: file:///C:/_Projet_softoware_and_architecture/CompanionAppStudent/server/src/main/kotlin/be/ecam/server/services/pae_service.kt:7
3:17 Unresolved reference 'program'.
e: file:///C:/_Projet_softoware_and_architecture/CompanionAppStudent/server/src/main/kotlin/be/ecam/server/services/pae_service.kt:7
3:28 Argument type mismatch: actual type is 'String?', but 'Char' was expected.
e: file:///C:/_Projet_softoware_and_architecture/CompanionAppStudent/server/src/main/kotlin/be/ecam/server/services/pae_service.kt:7
4:17 Unresolved reference 'enrolYear'.
e: file:///C:/_Projet_softoware_and_architecture/CompanionAppStudent/server/src/main/kotlin/be/ecam/server/services/pae_service.kt:7
4:30 Argument type mismatch: actual type is 'Int?', but 'Char' was expected.
e: file:///C:/_Projet_softoware_and_architecture/CompanionAppStudent/server/src/main/kotlin/be/ecam/server/services/pae_service.kt:7
5:17 Unresolved reference 'formationId'.
e: file:///C:/_Projet_softoware_and_architecture/CompanionAppStudent/server/src/main/kotlin/be/ecam/server/services/pae_service.kt:7
5:32 Argument type mismatch: actual type is 'String?', but 'Char' was expected.
e: file:///C:/_Projet_softoware_and_architecture/CompanionAppStudent/server/src/main/kotlin/be/ecam/server/services/pae_service.kt:7
6:17 Unresolved reference 'blocId'.
e: file:///C:/_Projet_softoware_and_architecture/CompanionAppStudent/server/src/main/kotlin/be/ecam/server/services/pae_service.kt:7
6:27 Argument type mismatch: actual type is 'String?', but 'Char' was expected.
e: file:///C:/_Projet_softoware_and_architecture/CompanionAppStudent/server/src/main/kotlin/be/ecam/server/services/pae_service.kt:7
7:17 Unresolved reference 'courseIds'.
e: file:///C:/_Projet_softoware_and_architecture/CompanionAppStudent/server/src/main/kotlin/be/ecam/server/services/pae_service.kt:7
7:30 Argument type mismatch: actual type is 'String?', but 'Char' was expected.
e: file:///C:/_Projet_softoware_and_architecture/CompanionAppStudent/server/src/main/kotlin/be/ecam/server/services/pae_service.kt:8
3:21 Argument type mismatch: actual type is 'Function0<Op<Boolean>>', but 'List<Expression<*>>' was expected.
e: file:///C:/_Projet_softoware_and_architecture/CompanionAppStudent/server/src/main/kotlin/be/ecam/server/services/pae_service.kt:9
0:40 None of the following candidates is applicable:
fun Join.delete(targetTable: Table, vararg targetTables: Table, ignore: Boolean = ..., limit: Int? = ..., where: 
(SqlExpressionBuilder.() -> Op<Boolean>)? = ...): Int
fun Join.delete(targetTable: Table, vararg targetTables: Table, ignore: Boolean = ..., limit: Int? = ..., where: 
SqlExpressionBuilder.() -> Op<Boolean>): Int
fun Join.delete(targetTable: Table, vararg targetTables: Table, ignore: Boolean = ..., limit: Int? = ...): Int
e: file:///C:/_Projet_softoware_and_architecture/CompanionAppStudent/server/src/main/kotlin/be/ecam/server/services/professor_servic
e.kt:20:21 Argument type mismatch: actual type is 'Function0<Op<Boolean>>', but 'List<Expression<*>>' was expected.
e: file:///C:/_Projet_softoware_and_architecture/CompanionAppStudent/server/src/main/kotlin/be/ecam/server/services/professor_servic
e.kt:28:21 Argument type mismatch: actual type is 'Function0<Op<Boolean>>', but 'List<Expression<*>>' was expected.
e: file:///C:/_Projet_softoware_and_architecture/CompanionAppStudent/server/src/main/kotlin/be/ecam/server/services/professor_servic
e.kt:36:21 Argument type mismatch: actual type is 'Function0<Op<Boolean>>', but 'List<Expression<*>>' was expected.
e: file:///C:/_Projet_softoware_and_architecture/CompanionAppStudent/server/src/main/kotlin/be/ecam/server/services/professor_servic
e.kt:44:21 Argument type mismatch: actual type is 'Function0<Op<Boolean>>', but 'List<Expression<*>>' was expected.
e: file:///C:/_Projet_softoware_and_architecture/CompanionAppStudent/server/src/main/kotlin/be/ecam/server/services/professor_servic
e.kt:62:21 Argument type mismatch: actual type is 'Function0<Op<Boolean>>', but 'List<Expression<*>>' was expected.
e: file:///C:/_Projet_softoware_and_architecture/CompanionAppStudent/server/src/main/kotlin/be/ecam/server/services/professor_servic
e.kt:69:39 None of the following candidates is applicable:
fun <T : Table> T.update(where: (SqlExpressionBuilder.() -> Op<Boolean>)? = ..., limit: Int? = ..., body: T.(UpdateStatement) -> 
Unit): Int
fun <T : Table> T.update(where: SqlExpressionBuilder.() -> Op<Boolean>, limit: Int? = ..., crossinline body: T.(UpdateStatement) -> 
Unit): Int
fun <T : Table> T.update(limit: Int? = ..., crossinline body: T.(UpdateStatement) -> Unit): Int
e: file:///C:/_Projet_softoware_and_architecture/CompanionAppStudent/server/src/main/kotlin/be/ecam/server/services/professor_servic
e.kt:69:74 Cannot infer type for value parameter 'row'. Specify it explicitly.
e: file:///C:/_Projet_softoware_and_architecture/CompanionAppStudent/server/src/main/kotlin/be/ecam/server/services/professor_servic
e.kt:70:17 Unresolved reference 'professorId'.
e: file:///C:/_Projet_softoware_and_architecture/CompanionAppStudent/server/src/main/kotlin/be/ecam/server/services/professor_servic
e.kt:70:32 Argument type mismatch: actual type is 'String', but 'Char' was expected.
e: file:///C:/_Projet_softoware_and_architecture/CompanionAppStudent/server/src/main/kotlin/be/ecam/server/services/professor_servic
e.kt:71:17 Unresolved reference 'firstName'.
e: file:///C:/_Projet_softoware_and_architecture/CompanionAppStudent/server/src/main/kotlin/be/ecam/server/services/professor_servic
e.kt:71:30 Argument type mismatch: actual type is 'String', but 'Char' was expected.
e: file:///C:/_Projet_softoware_and_architecture/CompanionAppStudent/server/src/main/kotlin/be/ecam/server/services/professor_servic
e.kt:72:17 Unresolved reference 'lastName'.
e: file:///C:/_Projet_softoware_and_architecture/CompanionAppStudent/server/src/main/kotlin/be/ecam/server/services/professor_servic
e.kt:72:29 Argument type mismatch: actual type is 'String', but 'Char' was expected.
e: file:///C:/_Projet_softoware_and_architecture/CompanionAppStudent/server/src/main/kotlin/be/ecam/server/services/professor_servic
e.kt:73:17 Unresolved reference 'email'.
e: file:///C:/_Projet_softoware_and_architecture/CompanionAppStudent/server/src/main/kotlin/be/ecam/server/services/professor_servic
e.kt:73:26 Argument type mismatch: actual type is 'String', but 'Char' was expected.
e: file:///C:/_Projet_softoware_and_architecture/CompanionAppStudent/server/src/main/kotlin/be/ecam/server/services/professor_servic
e.kt:74:17 Unresolved reference 'roomIds'.
e: file:///C:/_Projet_softoware_and_architecture/CompanionAppStudent/server/src/main/kotlin/be/ecam/server/services/professor_servic
e.kt:74:28 Argument type mismatch: actual type is 'String?', but 'Char' was expected.
e: file:///C:/_Projet_softoware_and_architecture/CompanionAppStudent/server/src/main/kotlin/be/ecam/server/services/professor_servic
e.kt:75:17 Unresolved reference 'phone'.
e: file:///C:/_Projet_softoware_and_architecture/CompanionAppStudent/server/src/main/kotlin/be/ecam/server/services/professor_servic
e.kt:75:26 Argument type mismatch: actual type is 'String?', but 'Char' was expected.
e: file:///C:/_Projet_softoware_and_architecture/CompanionAppStudent/server/src/main/kotlin/be/ecam/server/services/professor_servic
e.kt:76:17 Unresolved reference 'speciality'.
e: file:///C:/_Projet_softoware_and_architecture/CompanionAppStudent/server/src/main/kotlin/be/ecam/server/services/professor_servic
e.kt:76:31 Argument type mismatch: actual type is 'String?', but 'Char' was expected.
e: file:///C:/_Projet_softoware_and_architecture/CompanionAppStudent/server/src/main/kotlin/be/ecam/server/services/professor_servic
e.kt:77:17 Unresolved reference 'fullName'.
e: file:///C:/_Projet_softoware_and_architecture/CompanionAppStudent/server/src/main/kotlin/be/ecam/server/services/professor_servic
e.kt:77:29 Argument type mismatch: actual type is 'String', but 'Char' was expected.
e: file:///C:/_Projet_softoware_and_architecture/CompanionAppStudent/server/src/main/kotlin/be/ecam/server/services/professor_servic
e.kt:83:21 Argument type mismatch: actual type is 'Function0<Op<Boolean>>', but 'List<Expression<*>>' was expected.
e: file:///C:/_Projet_softoware_and_architecture/CompanionAppStudent/server/src/main/kotlin/be/ecam/server/services/professor_servic
e.kt:90:39 None of the following candidates is applicable:
fun Join.delete(targetTable: Table, vararg targetTables: Table, ignore: Boolean = ..., limit: Int? = ..., where: 
(SqlExpressionBuilder.() -> Op<Boolean>)? = ...): Int
fun Join.delete(targetTable: Table, vararg targetTables: Table, ignore: Boolean = ..., limit: Int? = ..., where: 
SqlExpressionBuilder.() -> Op<Boolean>): Int
fun Join.delete(targetTable: Table, vararg targetTables: Table, ignore: Boolean = ..., limit: Int? = ...): Int
e: file:///C:/_Projet_softoware_and_architecture/CompanionAppStudent/server/src/main/kotlin/be/ecam/server/services/room_service.kt:
20:21 Argument type mismatch: actual type is 'Function0<Op<Boolean>>', but 'List<Expression<*>>' was expected.
e: file:///C:/_Projet_softoware_and_architecture/CompanionAppStudent/server/src/main/kotlin/be/ecam/server/services/room_service.kt:
28:21 Argument type mismatch: actual type is 'Function0<Op<Boolean>>', but 'List<Expression<*>>' was expected.
e: file:///C:/_Projet_softoware_and_architecture/CompanionAppStudent/server/src/main/kotlin/be/ecam/server/services/room_service.kt:
42:21 Argument type mismatch: actual type is 'Function0<Op<Boolean>>', but 'List<Expression<*>>' was expected.
e: file:///C:/_Projet_softoware_and_architecture/CompanionAppStudent/server/src/main/kotlin/be/ecam/server/services/room_service.kt:
49:34 None of the following candidates is applicable:
fun <T : Table> T.update(where: (SqlExpressionBuilder.() -> Op<Boolean>)? = ..., limit: Int? = ..., body: T.(UpdateStatement) -> 
Unit): Int
fun <T : Table> T.update(where: SqlExpressionBuilder.() -> Op<Boolean>, limit: Int? = ..., crossinline body: T.(UpdateStatement) -> 
Unit): Int
fun <T : Table> T.update(limit: Int? = ..., crossinline body: T.(UpdateStatement) -> Unit): Int
e: file:///C:/_Projet_softoware_and_architecture/CompanionAppStudent/server/src/main/kotlin/be/ecam/server/services/room_service.kt:
49:64 Cannot infer type for value parameter 'row'. Specify it explicitly.
e: file:///C:/_Projet_softoware_and_architecture/CompanionAppStudent/server/src/main/kotlin/be/ecam/server/services/room_service.kt:
50:17 Unresolved reference 'roomId'.
e: file:///C:/_Projet_softoware_and_architecture/CompanionAppStudent/server/src/main/kotlin/be/ecam/server/services/room_service.kt:
50:27 Argument type mismatch: actual type is 'String', but 'Char' was expected.
e: file:///C:/_Projet_softoware_and_architecture/CompanionAppStudent/server/src/main/kotlin/be/ecam/server/services/room_service.kt:
51:17 Unresolved reference 'type'.
e: file:///C:/_Projet_softoware_and_architecture/CompanionAppStudent/server/src/main/kotlin/be/ecam/server/services/room_service.kt:
51:25 Argument type mismatch: actual type is 'String', but 'Char' was expected.
e: file:///C:/_Projet_softoware_and_architecture/CompanionAppStudent/server/src/main/kotlin/be/ecam/server/services/room_service.kt:
52:17 Unresolved reference 'batiment'.
e: file:///C:/_Projet_softoware_and_architecture/CompanionAppStudent/server/src/main/kotlin/be/ecam/server/services/room_service.kt:
52:29 Argument type mismatch: actual type is 'String?', but 'Char' was expected.
e: file:///C:/_Projet_softoware_and_architecture/CompanionAppStudent/server/src/main/kotlin/be/ecam/server/services/room_service.kt:
53:17 Unresolved reference 'etage'.
e: file:///C:/_Projet_softoware_and_architecture/CompanionAppStudent/server/src/main/kotlin/be/ecam/server/services/room_service.kt:
53:26 Argument type mismatch: actual type is 'String?', but 'Char' was expected.
e: file:///C:/_Projet_softoware_and_architecture/CompanionAppStudent/server/src/main/kotlin/be/ecam/server/services/room_service.kt:
59:21 Argument type mismatch: actual type is 'Function0<Op<Boolean>>', but 'List<Expression<*>>' was expected.
e: file:///C:/_Projet_softoware_and_architecture/CompanionAppStudent/server/src/main/kotlin/be/ecam/server/services/room_service.kt:
66:34 None of the following candidates is applicable:
fun Join.delete(targetTable: Table, vararg targetTables: Table, ignore: Boolean = ..., limit: Int? = ..., where: 
(SqlExpressionBuilder.() -> Op<Boolean>)? = ...): Int
fun Join.delete(targetTable: Table, vararg targetTables: Table, ignore: Boolean = ..., limit: Int? = ..., where: 
SqlExpressionBuilder.() -> Op<Boolean>): Int
fun Join.delete(targetTable: Table, vararg targetTables: Table, ignore: Boolean = ..., limit: Int? = ...): Int
e: file:///C:/_Projet_softoware_and_architecture/CompanionAppStudent/server/src/main/kotlin/be/ecam/server/services/series_service.k
t:20:21 Argument type mismatch: actual type is 'Function0<Op<Boolean>>', but 'List<Expression<*>>' was expected.
e: file:///C:/_Projet_softoware_and_architecture/CompanionAppStudent/server/src/main/kotlin/be/ecam/server/services/series_service.k
t:28:21 Argument type mismatch: actual type is 'Function0<Op<Boolean>>', but 'List<Expression<*>>' was expected.
e: file:///C:/_Projet_softoware_and_architecture/CompanionAppStudent/server/src/main/kotlin/be/ecam/server/services/series_service.k
t:41:21 Argument type mismatch: actual type is 'Function0<Op<Boolean>>', but 'List<Expression<*>>' was expected.
e: file:///C:/_Projet_softoware_and_architecture/CompanionAppStudent/server/src/main/kotlin/be/ecam/server/services/series_service.k
t:47:36 Unresolved reference 'SeriesWriteRequest'.
e: file:///C:/_Projet_softoware_and_architecture/CompanionAppStudent/server/src/main/kotlin/be/ecam/server/services/series_service.k
t:47:57 Unresolved reference 'SeriesDTO'.
e: file:///C:/_Projet_softoware_and_architecture/CompanionAppStudent/server/src/main/kotlin/be/ecam/server/services/series_service.k
t:48:39 None of the following candidates is applicable:
fun <T : Table> T.update(where: (SqlExpressionBuilder.() -> Op<Boolean>)? = ..., limit: Int? = ..., body: T.(UpdateStatement) -> 
Unit): Int
fun <T : Table> T.update(where: SqlExpressionBuilder.() -> Op<Boolean>, limit: Int? = ..., crossinline body: T.(UpdateStatement) -> 
Unit): Int
fun <T : Table> T.update(limit: Int? = ..., crossinline body: T.(UpdateStatement) -> Unit): Int
e: file:///C:/_Projet_softoware_and_architecture/CompanionAppStudent/server/src/main/kotlin/be/ecam/server/services/series_service.k
t:48:74 Cannot infer type for value parameter 'row'. Specify it explicitly.
e: file:///C:/_Projet_softoware_and_architecture/CompanionAppStudent/server/src/main/kotlin/be/ecam/server/services/series_service.k
t:49:17 Unresolved reference 'seriesId'.
e: file:///C:/_Projet_softoware_and_architecture/CompanionAppStudent/server/src/main/kotlin/be/ecam/server/services/series_service.k
t:49:33 Unresolved reference 'seriesId'.
e: file:///C:/_Projet_softoware_and_architecture/CompanionAppStudent/server/src/main/kotlin/be/ecam/server/services/series_service.k
t:50:17 Unresolved reference 'yearOptionIds'.
e: file:///C:/_Projet_softoware_and_architecture/CompanionAppStudent/server/src/main/kotlin/be/ecam/server/services/series_service.k
t:50:38 Unresolved reference 'yearOptionIds'.
e: file:///C:/_Projet_softoware_and_architecture/CompanionAppStudent/server/src/main/kotlin/be/ecam/server/services/series_service.k
t:51:17 Unresolved reference 'formationIds'.
e: file:///C:/_Projet_softoware_and_architecture/CompanionAppStudent/server/src/main/kotlin/be/ecam/server/services/series_service.k
t:51:37 Unresolved reference 'formationIds'.
e: file:///C:/_Projet_softoware_and_architecture/CompanionAppStudent/server/src/main/kotlin/be/ecam/server/services/series_service.k
t:57:21 Argument type mismatch: actual type is 'Function0<Op<Boolean>>', but 'List<Expression<*>>' was expected.
e: file:///C:/_Projet_softoware_and_architecture/CompanionAppStudent/server/src/main/kotlin/be/ecam/server/services/series_service.k
t:64:39 None of the following candidates is applicable:
fun Join.delete(targetTable: Table, vararg targetTables: Table, ignore: Boolean = ..., limit: Int? = ..., where: 
(SqlExpressionBuilder.() -> Op<Boolean>)? = ...): Int
fun Join.delete(targetTable: Table, vararg targetTables: Table, ignore: Boolean = ..., limit: Int? = ..., where: 
SqlExpressionBuilder.() -> Op<Boolean>): Int
fun Join.delete(targetTable: Table, vararg targetTables: Table, ignore: Boolean = ..., limit: Int? = ...): Int
e: file:///C:/_Projet_softoware_and_architecture/CompanionAppStudent/server/src/main/kotlin/be/ecam/server/services/sous_course_serv
ice.kt:20:21 Argument type mismatch: actual type is 'Function0<Op<Boolean>>', but 'List<Expression<*>>' was expected.
e: file:///C:/_Projet_softoware_and_architecture/CompanionAppStudent/server/src/main/kotlin/be/ecam/server/services/sous_course_serv
ice.kt:28:21 Argument type mismatch: actual type is 'Function0<Op<Boolean>>', but 'List<Expression<*>>' was expected.
e: file:///C:/_Projet_softoware_and_architecture/CompanionAppStudent/server/src/main/kotlin/be/ecam/server/services/sous_course_serv
ice.kt:35:21 Argument type mismatch: actual type is 'Function0<Op<Boolean>>', but 'List<Expression<*>>' was expected.
e: file:///C:/_Projet_softoware_and_architecture/CompanionAppStudent/server/src/main/kotlin/be/ecam/server/services/sous_course_serv
ice.kt:52:21 Argument type mismatch: actual type is 'Function0<Op<Boolean>>', but 'List<Expression<*>>' was expected.
e: file:///C:/_Projet_softoware_and_architecture/CompanionAppStudent/server/src/main/kotlin/be/ecam/server/services/sous_course_serv
ice.kt:59:40 None of the following candidates is applicable:
fun <T : Table> T.update(where: (SqlExpressionBuilder.() -> Op<Boolean>)? = ..., limit: Int? = ..., body: T.(UpdateStatement) -> 
Unit): Int
fun <T : Table> T.update(where: SqlExpressionBuilder.() -> Op<Boolean>, limit: Int? = ..., crossinline body: T.(UpdateStatement) -> 
Unit): Int
fun <T : Table> T.update(limit: Int? = ..., crossinline body: T.(UpdateStatement) -> Unit): Int
e: file:///C:/_Projet_softoware_and_architecture/CompanionAppStudent/server/src/main/kotlin/be/ecam/server/services/sous_course_serv
ice.kt:59:76 Cannot infer type for value parameter 'row'. Specify it explicitly.
e: file:///C:/_Projet_softoware_and_architecture/CompanionAppStudent/server/src/main/kotlin/be/ecam/server/services/sous_course_serv
ice.kt:60:17 Unresolved reference 'sousCourseId'.
e: file:///C:/_Projet_softoware_and_architecture/CompanionAppStudent/server/src/main/kotlin/be/ecam/server/services/sous_course_serv
ice.kt:60:33 Argument type mismatch: actual type is 'String', but 'Char' was expected.
e: file:///C:/_Projet_softoware_and_architecture/CompanionAppStudent/server/src/main/kotlin/be/ecam/server/services/sous_course_serv
ice.kt:61:17 Unresolved reference 'courseId'.
e: file:///C:/_Projet_softoware_and_architecture/CompanionAppStudent/server/src/main/kotlin/be/ecam/server/services/sous_course_serv
ice.kt:61:29 Argument type mismatch: actual type is 'String', but 'Char' was expected.
e: file:///C:/_Projet_softoware_and_architecture/CompanionAppStudent/server/src/main/kotlin/be/ecam/server/services/sous_course_serv
ice.kt:62:17 Unresolved reference 'title'.
e: file:///C:/_Projet_softoware_and_architecture/CompanionAppStudent/server/src/main/kotlin/be/ecam/server/services/sous_course_serv
ice.kt:62:26 Argument type mismatch: actual type is 'String', but 'Char' was expected.
e: file:///C:/_Projet_softoware_and_architecture/CompanionAppStudent/server/src/main/kotlin/be/ecam/server/services/sous_course_serv
ice.kt:63:17 Unresolved reference 'hoursQ1'.
e: file:///C:/_Projet_softoware_and_architecture/CompanionAppStudent/server/src/main/kotlin/be/ecam/server/services/sous_course_serv
ice.kt:63:28 Argument type mismatch: actual type is 'Int', but 'Char' was expected.
e: file:///C:/_Projet_softoware_and_architecture/CompanionAppStudent/server/src/main/kotlin/be/ecam/server/services/sous_course_serv
ice.kt:64:17 Unresolved reference 'hoursQ2'.
e: file:///C:/_Projet_softoware_and_architecture/CompanionAppStudent/server/src/main/kotlin/be/ecam/server/services/sous_course_serv
ice.kt:64:28 Argument type mismatch: actual type is 'Int', but 'Char' was expected.
e: file:///C:/_Projet_softoware_and_architecture/CompanionAppStudent/server/src/main/kotlin/be/ecam/server/services/sous_course_serv
ice.kt:65:17 Unresolved reference 'teachersIds'.
e: file:///C:/_Projet_softoware_and_architecture/CompanionAppStudent/server/src/main/kotlin/be/ecam/server/services/sous_course_serv
ice.kt:65:32 Argument type mismatch: actual type is 'String', but 'Char' was expected.
e: file:///C:/_Projet_softoware_and_architecture/CompanionAppStudent/server/src/main/kotlin/be/ecam/server/services/sous_course_serv
ice.kt:66:17 Unresolved reference 'language'.
e: file:///C:/_Projet_softoware_and_architecture/CompanionAppStudent/server/src/main/kotlin/be/ecam/server/services/sous_course_serv
ice.kt:66:29 Argument type mismatch: actual type is 'String', but 'Char' was expected.
e: file:///C:/_Projet_softoware_and_architecture/CompanionAppStudent/server/src/main/kotlin/be/ecam/server/services/sous_course_serv
ice.kt:72:21 Argument type mismatch: actual type is 'Function0<Op<Boolean>>', but 'List<Expression<*>>' was expected.
e: file:///C:/_Projet_softoware_and_architecture/CompanionAppStudent/server/src/main/kotlin/be/ecam/server/services/sous_course_serv
ice.kt:79:40 None of the following candidates is applicable:
fun Join.delete(targetTable: Table, vararg targetTables: Table, ignore: Boolean = ..., limit: Int? = ..., where: 
(SqlExpressionBuilder.() -> Op<Boolean>)? = ...): Int
fun Join.delete(targetTable: Table, vararg targetTables: Table, ignore: Boolean = ..., limit: Int? = ..., where: 
SqlExpressionBuilder.() -> Op<Boolean>): Int
fun Join.delete(targetTable: Table, vararg targetTables: Table, ignore: Boolean = ..., limit: Int? = ...): Int
e: file:///C:/_Projet_softoware_and_architecture/CompanionAppStudent/server/src/main/kotlin/be/ecam/server/services/student_service.
kt:20:21 Argument type mismatch: actual type is 'Function0<Op<Boolean>>', but 'List<Expression<*>>' was expected.
e: file:///C:/_Projet_softoware_and_architecture/CompanionAppStudent/server/src/main/kotlin/be/ecam/server/services/student_service.
kt:28:21 Argument type mismatch: actual type is 'Function0<Op<Boolean>>', but 'List<Expression<*>>' was expected.
e: file:///C:/_Projet_softoware_and_architecture/CompanionAppStudent/server/src/main/kotlin/be/ecam/server/services/student_service.
kt:36:21 Argument type mismatch: actual type is 'Function0<Op<Boolean>>', but 'List<Expression<*>>' was expected.
e: file:///C:/_Projet_softoware_and_architecture/CompanionAppStudent/server/src/main/kotlin/be/ecam/server/services/student_service.
kt:44:21 Argument type mismatch: actual type is 'Function0<Op<Boolean>>', but 'List<Expression<*>>' was expected.
e: file:///C:/_Projet_softoware_and_architecture/CompanionAppStudent/server/src/main/kotlin/be/ecam/server/services/student_service.
kt:59:21 Argument type mismatch: actual type is 'Function0<Op<Boolean>>', but 'List<Expression<*>>' was expected.
e: file:///C:/_Projet_softoware_and_architecture/CompanionAppStudent/server/src/main/kotlin/be/ecam/server/services/student_service.
kt:66:37 None of the following candidates is applicable:
fun <T : Table> T.update(where: (SqlExpressionBuilder.() -> Op<Boolean>)? = ..., limit: Int? = ..., body: T.(UpdateStatement) -> 
Unit): Int
fun <T : Table> T.update(where: SqlExpressionBuilder.() -> Op<Boolean>, limit: Int? = ..., crossinline body: T.(UpdateStatement) -> 
Unit): Int
fun <T : Table> T.update(limit: Int? = ..., crossinline body: T.(UpdateStatement) -> Unit): Int
e: file:///C:/_Projet_softoware_and_architecture/CompanionAppStudent/server/src/main/kotlin/be/ecam/server/services/student_service.
kt:66:70 Cannot infer type for value parameter 'row'. Specify it explicitly.
e: file:///C:/_Projet_softoware_and_architecture/CompanionAppStudent/server/src/main/kotlin/be/ecam/server/services/student_service.
kt:67:17 Unresolved reference 'firstName'.
e: file:///C:/_Projet_softoware_and_architecture/CompanionAppStudent/server/src/main/kotlin/be/ecam/server/services/student_service.
kt:67:30 Argument type mismatch: actual type is 'String', but 'Char' was expected.
e: file:///C:/_Projet_softoware_and_architecture/CompanionAppStudent/server/src/main/kotlin/be/ecam/server/services/student_service.
kt:68:17 Unresolved reference 'lastName'.
e: file:///C:/_Projet_softoware_and_architecture/CompanionAppStudent/server/src/main/kotlin/be/ecam/server/services/student_service.
kt:68:29 Argument type mismatch: actual type is 'String', but 'Char' was expected.
e: file:///C:/_Projet_softoware_and_architecture/CompanionAppStudent/server/src/main/kotlin/be/ecam/server/services/student_service.
kt:69:17 Unresolved reference 'ecamEmail'.
e: file:///C:/_Projet_softoware_and_architecture/CompanionAppStudent/server/src/main/kotlin/be/ecam/server/services/student_service.
kt:69:30 Argument type mismatch: actual type is 'String', but 'Char' was expected.
e: file:///C:/_Projet_softoware_and_architecture/CompanionAppStudent/server/src/main/kotlin/be/ecam/server/services/student_service.
kt:70:17 Unresolved reference 'studentNumber'.
e: file:///C:/_Projet_softoware_and_architecture/CompanionAppStudent/server/src/main/kotlin/be/ecam/server/services/student_service.
kt:70:34 Argument type mismatch: actual type is 'String', but 'Char' was expected.
e: file:///C:/_Projet_softoware_and_architecture/CompanionAppStudent/server/src/main/kotlin/be/ecam/server/services/student_service.
kt:71:17 Unresolved reference 'groupCode'.
e: file:///C:/_Projet_softoware_and_architecture/CompanionAppStudent/server/src/main/kotlin/be/ecam/server/services/student_service.
kt:71:30 Argument type mismatch: actual type is 'String?', but 'Char' was expected.
e: file:///C:/_Projet_softoware_and_architecture/CompanionAppStudent/server/src/main/kotlin/be/ecam/server/services/student_service.
kt:77:21 Argument type mismatch: actual type is 'Function0<Op<Boolean>>', but 'List<Expression<*>>' was expected.
e: file:///C:/_Projet_softoware_and_architecture/CompanionAppStudent/server/src/main/kotlin/be/ecam/server/services/student_service.
kt:84:37 None of the following candidates is applicable:
fun Join.delete(targetTable: Table, vararg targetTables: Table, ignore: Boolean = ..., limit: Int? = ..., where: 
(SqlExpressionBuilder.() -> Op<Boolean>)? = ...): Int
fun Join.delete(targetTable: Table, vararg targetTables: Table, ignore: Boolean = ..., limit: Int? = ..., where: 
SqlExpressionBuilder.() -> Op<Boolean>): Int
fun Join.delete(targetTable: Table, vararg targetTables: Table, ignore: Boolean = ..., limit: Int? = ...): Int
e: file:///C:/_Projet_softoware_and_architecture/CompanionAppStudent/server/src/main/kotlin/be/ecam/server/services/user_service.kt:
33:21 Argument type mismatch: actual type is 'Function0<Op<Boolean>>', but 'List<Expression<*>>' was expected.
e: file:///C:/_Projet_softoware_and_architecture/CompanionAppStudent/server/src/main/kotlin/be/ecam/server/services/user_service.kt:
54:21 Argument type mismatch: actual type is 'Function0<Op<Boolean>>', but 'List<Expression<*>>' was expected.
e: file:///C:/_Projet_softoware_and_architecture/CompanionAppStudent/server/src/main/kotlin/be/ecam/server/services/user_service.kt:
66:21 Argument type mismatch: actual type is 'Function0<Op<Boolean>>', but 'List<Expression<*>>' was expected.
e: file:///C:/_Projet_softoware_and_architecture/CompanionAppStudent/server/src/main/kotlin/be/ecam/server/services/user_service.kt:
87:20 None of the following candidates is applicable:
fun <T : Table> T.update(where: (SqlExpressionBuilder.() -> Op<Boolean>)? = ..., limit: Int? = ..., body: T.(UpdateStatement) -> 
Unit): Int
fun <T : Table> T.update(where: SqlExpressionBuilder.() -> Op<Boolean>, limit: Int? = ..., crossinline body: T.(UpdateStatement) -> 
Unit): Int
fun <T : Table> T.update(limit: Int? = ..., crossinline body: T.(UpdateStatement) -> Unit): Int
e: file:///C:/_Projet_softoware_and_architecture/CompanionAppStudent/server/src/main/kotlin/be/ecam/server/services/user_service.kt:
87:50 Cannot infer type for value parameter 'row'. Specify it explicitly.
e: file:///C:/_Projet_softoware_and_architecture/CompanionAppStudent/server/src/main/kotlin/be/ecam/server/services/user_service.kt:
88:37 Unresolved reference 'username'.
e: file:///C:/_Projet_softoware_and_architecture/CompanionAppStudent/server/src/main/kotlin/be/ecam/server/services/user_service.kt:
88:49 Argument type mismatch: actual type is 'String', but 'Char' was expected.
e: file:///C:/_Projet_softoware_and_architecture/CompanionAppStudent/server/src/main/kotlin/be/ecam/server/services/user_service.kt:
89:34 Unresolved reference 'email'.
e: file:///C:/_Projet_softoware_and_architecture/CompanionAppStudent/server/src/main/kotlin/be/ecam/server/services/user_service.kt:
89:43 Argument type mismatch: actual type is 'String', but 'Char' was expected.
e: file:///C:/_Projet_softoware_and_architecture/CompanionAppStudent/server/src/main/kotlin/be/ecam/server/services/user_service.kt:
90:38 Unresolved reference 'firstName'.
e: file:///C:/_Projet_softoware_and_architecture/CompanionAppStudent/server/src/main/kotlin/be/ecam/server/services/user_service.kt:
90:51 Argument type mismatch: actual type is 'String', but 'Char' was expected.
e: file:///C:/_Projet_softoware_and_architecture/CompanionAppStudent/server/src/main/kotlin/be/ecam/server/services/user_service.kt:
91:37 Unresolved reference 'lastName'.
e: file:///C:/_Projet_softoware_and_architecture/CompanionAppStudent/server/src/main/kotlin/be/ecam/server/services/user_service.kt:
91:49 Argument type mismatch: actual type is 'String', but 'Char' was expected.
e: file:///C:/_Projet_softoware_and_architecture/CompanionAppStudent/server/src/main/kotlin/be/ecam/server/services/user_service.kt:
92:33 Unresolved reference 'role'.
e: file:///C:/_Projet_softoware_and_architecture/CompanionAppStudent/server/src/main/kotlin/be/ecam/server/services/user_service.kt:
92:41 Argument type mismatch: actual type is 'UserRole', but 'Char' was expected.
e: file:///C:/_Projet_softoware_and_architecture/CompanionAppStudent/server/src/main/kotlin/be/ecam/server/services/user_service.kt:
94:38 Unresolved reference 'avatarUrl'.
e: file:///C:/_Projet_softoware_and_architecture/CompanionAppStudent/server/src/main/kotlin/be/ecam/server/services/user_service.kt:
94:51 Argument type mismatch: actual type is 'String', but 'Char' was expected.
e: file:///C:/_Projet_softoware_and_architecture/CompanionAppStudent/server/src/main/kotlin/be/ecam/server/services/user_service.kt:
97:21 Unresolved reference 'professorId'.
e: file:///C:/_Projet_softoware_and_architecture/CompanionAppStudent/server/src/main/kotlin/be/ecam/server/services/user_service.kt:
97:36 Argument type mismatch: actual type is 'EntityID<Int>', but 'Char' was expected.
e: file:///C:/_Projet_softoware_and_architecture/CompanionAppStudent/server/src/main/kotlin/be/ecam/server/services/user_service.kt:
100:21 Unresolved reference 'studentId'.
e: file:///C:/_Projet_softoware_and_architecture/CompanionAppStudent/server/src/main/kotlin/be/ecam/server/services/user_service.kt:
100:34 Argument type mismatch: actual type is 'EntityID<Int>', but 'Char' was expected.
e: file:///C:/_Projet_softoware_and_architecture/CompanionAppStudent/server/src/main/kotlin/be/ecam/server/services/user_service.kt:
107:21 Unresolved reference 'passwordHash'.
e: file:///C:/_Projet_softoware_and_architecture/CompanionAppStudent/server/src/main/kotlin/be/ecam/server/services/user_service.kt:
107:37 Argument type mismatch: actual type is 'String!', but 'Char' was expected.
e: file:///C:/_Projet_softoware_and_architecture/CompanionAppStudent/server/src/main/kotlin/be/ecam/server/services/user_service.kt:
113:21 Argument type mismatch: actual type is 'Function0<Op<Boolean>>', but 'List<Expression<*>>' was expected.
e: file:///C:/_Projet_softoware_and_architecture/CompanionAppStudent/server/src/main/kotlin/be/ecam/server/services/user_service.kt:
123:39 None of the following candidates is applicable:
fun Join.delete(targetTable: Table, vararg targetTables: Table, ignore: Boolean = ..., limit: Int? = ..., where: 
(SqlExpressionBuilder.() -> Op<Boolean>)? = ...): Int
fun Join.delete(targetTable: Table, vararg targetTables: Table, ignore: Boolean = ..., limit: Int? = ..., where: 
SqlExpressionBuilder.() -> Op<Boolean>): Int
fun Join.delete(targetTable: Table, vararg targetTables: Table, ignore: Boolean = ..., limit: Int? = ...): Int
e: file:///C:/_Projet_softoware_and_architecture/CompanionAppStudent/server/src/main/kotlin/be/ecam/server/services/user_service.kt:
124:22 'operator' modifier is required on 'fun <T> Comparable<T>.compareTo(other: T): Int'.
e: file:///C:/_Projet_softoware_and_architecture/CompanionAppStudent/server/src/main/kotlin/be/ecam/server/services/user_service.kt:
133:21 Argument type mismatch: actual type is 'Function0<Op<Boolean>>', but 'List<Expression<*>>' was expected.
e: file:///C:/_Projet_softoware_and_architecture/CompanionAppStudent/server/src/main/kotlin/be/ecam/server/services/user_service.kt:
140:21 Argument type mismatch: actual type is 'Function0<Op<Boolean>>', but 'List<Expression<*>>' was expected.
e: file:///C:/_Projet_softoware_and_architecture/CompanionAppStudent/server/src/main/kotlin/be/ecam/server/services/user_service.kt:
146:20 None of the following candidates is applicable:
fun <T : Table> T.update(where: (SqlExpressionBuilder.() -> Op<Boolean>)? = ..., limit: Int? = ..., body: T.(UpdateStatement) -> 
Unit): Int
fun <T : Table> T.update(where: SqlExpressionBuilder.() -> Op<Boolean>, limit: Int? = ..., crossinline body: T.(UpdateStatement) -> 
Unit): Int
fun <T : Table> T.update(limit: Int? = ..., crossinline body: T.(UpdateStatement) -> Unit): Int
e: file:///C:/_Projet_softoware_and_architecture/CompanionAppStudent/server/src/main/kotlin/be/ecam/server/services/user_service.kt:
146:54 Cannot infer type for value parameter 'row'. Specify it explicitly.
e: file:///C:/_Projet_softoware_and_architecture/CompanionAppStudent/server/src/main/kotlin/be/ecam/server/services/user_service.kt:
154:21 Argument type mismatch: actual type is 'Function0<Op<Boolean>>', but 'List<Expression<*>>' was expected.
e: file:///C:/_Projet_softoware_and_architecture/CompanionAppStudent/server/src/main/kotlin/be/ecam/server/services/user_service.kt:
166:21 Argument type mismatch: actual type is 'Function0<Op<Boolean>>', but 'List<Expression<*>>' was expected.
e: file:///C:/_Projet_softoware_and_architecture/CompanionAppStudent/server/src/main/kotlin/be/ecam/server/services/user_service.kt:
173:21 Argument type mismatch: actual type is 'Function0<Op<Boolean>>', but 'List<Expression<*>>' was expected.
e: file:///C:/_Projet_softoware_and_architecture/CompanionAppStudent/server/src/main/kotlin/be/ecam/server/services/user_service.kt:
179:20 None of the following candidates is applicable:
fun <T : Table> T.update(where: (SqlExpressionBuilder.() -> Op<Boolean>)? = ..., limit: Int? = ..., body: T.(UpdateStatement) -> 
Unit): Int
fun <T : Table> T.update(where: SqlExpressionBuilder.() -> Op<Boolean>, limit: Int? = ..., crossinline body: T.(UpdateStatement) -> 
Unit): Int
fun <T : Table> T.update(limit: Int? = ..., crossinline body: T.(UpdateStatement) -> Unit): Int
e: file:///C:/_Projet_softoware_and_architecture/CompanionAppStudent/server/src/main/kotlin/be/ecam/server/services/user_service.kt:
179:54 Cannot infer type for value parameter 'row'. Specify it explicitly.
e: file:///C:/_Projet_softoware_and_architecture/CompanionAppStudent/server/src/main/kotlin/be/ecam/server/services/user_service.kt:
187:21 Argument type mismatch: actual type is 'Function0<Op<Boolean>>', but 'List<Expression<*>>' was expected.
e: file:///C:/_Projet_softoware_and_architecture/CompanionAppStudent/server/src/main/kotlin/be/ecam/server/services/user_service.kt:
198:21 Argument type mismatch: actual type is 'Function0<Op<Boolean>>', but 'List<Expression<*>>' was expected.
e: file:///C:/_Projet_softoware_and_architecture/CompanionAppStudent/server/src/main/kotlin/be/ecam/server/services/user_service.kt:
202:20 None of the following candidates is applicable:
fun <T : Table> T.update(where: (SqlExpressionBuilder.() -> Op<Boolean>)? = ..., limit: Int? = ..., body: T.(UpdateStatement) -> 
Unit): Int
fun <T : Table> T.update(where: SqlExpressionBuilder.() -> Op<Boolean>, limit: Int? = ..., crossinline body: T.(UpdateStatement) -> 
Unit): Int
fun <T : Table> T.update(limit: Int? = ..., crossinline body: T.(UpdateStatement) -> Unit): Int
e: file:///C:/_Projet_softoware_and_architecture/CompanionAppStudent/server/src/main/kotlin/be/ecam/server/services/user_service.kt:
202:54 Cannot infer type for value parameter 'row'. Specify it explicitly.
e: file:///C:/_Projet_softoware_and_architecture/CompanionAppStudent/server/src/main/kotlin/be/ecam/server/services/user_service.kt:
207:21 Argument type mismatch: actual type is 'Function0<Op<Boolean>>', but 'List<Expression<*>>' was expected.
e: file:///C:/_Projet_softoware_and_architecture/CompanionAppStudent/server/src/main/kotlin/be/ecam/server/services/year_service.kt:
23:21 Argument type mismatch: actual type is 'Function0<Op<Boolean>>', but 'List<Expression<*>>' was expected.
e: file:///C:/_Projet_softoware_and_architecture/CompanionAppStudent/server/src/main/kotlin/be/ecam/server/services/year_service.kt:
31:21 Argument type mismatch: actual type is 'Function0<Op<Boolean>>', but 'List<Expression<*>>' was expected.
e: file:///C:/_Projet_softoware_and_architecture/CompanionAppStudent/server/src/main/kotlin/be/ecam/server/services/year_service.kt:
43:21 Argument type mismatch: actual type is 'Function0<Op<Boolean>>', but 'List<Expression<*>>' was expected.
e: file:///C:/_Projet_softoware_and_architecture/CompanionAppStudent/server/src/main/kotlin/be/ecam/server/services/year_service.kt:
50:34 None of the following candidates is applicable:
fun <T : Table> T.update(where: (SqlExpressionBuilder.() -> Op<Boolean>)? = ..., limit: Int? = ..., body: T.(UpdateStatement) -> 
Unit): Int
fun <T : Table> T.update(where: SqlExpressionBuilder.() -> Op<Boolean>, limit: Int? = ..., crossinline body: T.(UpdateStatement) -> 
Unit): Int
fun <T : Table> T.update(limit: Int? = ..., crossinline body: T.(UpdateStatement) -> Unit): Int
e: file:///C:/_Projet_softoware_and_architecture/CompanionAppStudent/server/src/main/kotlin/be/ecam/server/services/year_service.kt:
50:64 Cannot infer type for value parameter 'row'. Specify it explicitly.
e: file:///C:/_Projet_softoware_and_architecture/CompanionAppStudent/server/src/main/kotlin/be/ecam/server/services/year_service.kt:
51:17 Unresolved reference 'yearId'.
e: file:///C:/_Projet_softoware_and_architecture/CompanionAppStudent/server/src/main/kotlin/be/ecam/server/services/year_service.kt:
51:27 Argument type mismatch: actual type is 'String', but 'Char' was expected.
e: file:///C:/_Projet_softoware_and_architecture/CompanionAppStudent/server/src/main/kotlin/be/ecam/server/services/year_service.kt:
52:17 Unresolved reference 'yearNumber'.
e: file:///C:/_Projet_softoware_and_architecture/CompanionAppStudent/server/src/main/kotlin/be/ecam/server/services/year_service.kt:
52:31 Argument type mismatch: actual type is 'Int', but 'Char' was expected.
e: file:///C:/_Projet_softoware_and_architecture/CompanionAppStudent/server/src/main/kotlin/be/ecam/server/services/year_service.kt:
58:21 Argument type mismatch: actual type is 'Function0<Op<Boolean>>', but 'List<Expression<*>>' was expected.
e: file:///C:/_Projet_softoware_and_architecture/CompanionAppStudent/server/src/main/kotlin/be/ecam/server/services/year_service.kt:
65:34 None of the following candidates is applicable:
fun Join.delete(targetTable: Table, vararg targetTables: Table, ignore: Boolean = ..., limit: Int? = ..., where: 
(SqlExpressionBuilder.() -> Op<Boolean>)? = ...): Int
fun Join.delete(targetTable: Table, vararg targetTables: Table, ignore: Boolean = ..., limit: Int? = ..., where: 
SqlExpressionBuilder.() -> Op<Boolean>): Int
fun Join.delete(targetTable: Table, vararg targetTables: Table, ignore: Boolean = ..., limit: Int? = ...): Int
e: file:///C:/_Projet_softoware_and_architecture/CompanionAppStudent/server/src/main/kotlin/be/ecam/server/services/year_service.kt:
85:21 Argument type mismatch: actual type is 'Function0<Op<Boolean>>', but 'List<Expression<*>>' was expected.
e: file:///C:/_Projet_softoware_and_architecture/CompanionAppStudent/server/src/main/kotlin/be/ecam/server/services/year_service.kt:
93:21 Argument type mismatch: actual type is 'Function0<Op<Boolean>>', but 'List<Expression<*>>' was expected.
e: file:///C:/_Projet_softoware_and_architecture/CompanionAppStudent/server/src/main/kotlin/be/ecam/server/services/year_service.kt:
100:21 Argument type mismatch: actual type is 'Function0<Op<Boolean>>', but 'List<Expression<*>>' was expected.
e: file:///C:/_Projet_softoware_and_architecture/CompanionAppStudent/server/src/main/kotlin/be/ecam/server/services/year_service.kt:
113:21 Argument type mismatch: actual type is 'Function0<Op<Boolean>>', but 'List<Expression<*>>' was expected.
e: file:///C:/_Projet_softoware_and_architecture/CompanionAppStudent/server/src/main/kotlin/be/ecam/server/services/year_service.kt:
120:40 None of the following candidates is applicable:
fun <T : Table> T.update(where: (SqlExpressionBuilder.() -> Op<Boolean>)? = ..., limit: Int? = ..., body: T.(UpdateStatement) -> 
Unit): Int
fun <T : Table> T.update(where: SqlExpressionBuilder.() -> Op<Boolean>, limit: Int? = ..., crossinline body: T.(UpdateStatement) -> 
Unit): Int
fun <T : Table> T.update(limit: Int? = ..., crossinline body: T.(UpdateStatement) -> Unit): Int
e: file:///C:/_Projet_softoware_and_architecture/CompanionAppStudent/server/src/main/kotlin/be/ecam/server/services/year_service.kt:
120:76 Cannot infer type for value parameter 'row'. Specify it explicitly.
e: file:///C:/_Projet_softoware_and_architecture/CompanionAppStudent/server/src/main/kotlin/be/ecam/server/services/year_service.kt:
121:17 Unresolved reference 'yearOptionId'.
e: file:///C:/_Projet_softoware_and_architecture/CompanionAppStudent/server/src/main/kotlin/be/ecam/server/services/year_service.kt:
121:33 Argument type mismatch: actual type is 'String', but 'Char' was expected.
e: file:///C:/_Projet_softoware_and_architecture/CompanionAppStudent/server/src/main/kotlin/be/ecam/server/services/year_service.kt:
122:17 Unresolved reference 'formationIds'.
e: file:///C:/_Projet_softoware_and_architecture/CompanionAppStudent/server/src/main/kotlin/be/ecam/server/services/year_service.kt:
122:33 Argument type mismatch: actual type is 'String?', but 'Char' was expected.
e: file:///C:/_Projet_softoware_and_architecture/CompanionAppStudent/server/src/main/kotlin/be/ecam/server/services/year_service.kt:
123:17 Unresolved reference 'blocId'.
e: file:///C:/_Projet_softoware_and_architecture/CompanionAppStudent/server/src/main/kotlin/be/ecam/server/services/year_service.kt:
123:27 Argument type mismatch: actual type is 'Int?', but 'Char' was expected.
e: file:///C:/_Projet_softoware_and_architecture/CompanionAppStudent/server/src/main/kotlin/be/ecam/server/services/year_service.kt:
129:21 Argument type mismatch: actual type is 'Function0<Op<Boolean>>', but 'List<Expression<*>>' was expected.
e: file:///C:/_Projet_softoware_and_architecture/CompanionAppStudent/server/src/main/kotlin/be/ecam/server/services/year_service.kt:
136:40 None of the following candidates is applicable:
fun Join.delete(targetTable: Table, vararg targetTables: Table, ignore: Boolean = ..., limit: Int? = ..., where: 
(SqlExpressionBuilder.() -> Op<Boolean>)? = ...): Int
fun Join.delete(targetTable: Table, vararg targetTables: Table, ignore: Boolean = ..., limit: Int? = ..., where: 
SqlExpressionBuilder.() -> Op<Boolean>): Int
fun Join.delete(targetTable: Table, vararg targetTables: Table, ignore: Boolean = ..., limit: Int? = ...): Int

FAILURE: Build failed with an exception.

* What went wrong:
Execution failed for task ':server:compileKotlin'.
> A failure occurred while executing 
org.jetbrains.kotlin.compilerRunner.GradleCompilerRunnerWithWorkers$GradleKotlinCompilerWorkAction
   > Compilation error. See log for more details

* Try:
> Run with --stacktrace option to get the stack trace.
> Run with --info or --debug option to get more log output.
> Run with --scan to get full insights.
> Get more help at https://help.gradle.org.

BUILD FAILED in 4s
4 actionable tasks: 2 executed, 2 up-to-date
Configuration cache entry reused.
